Archive member included to satisfy reference by file (symbol)

/opt/homebrew/Cellar/arm-none-eabi-gcc/10.3-2021.10/gcc/bin/../lib/gcc/arm-none-eabi/10.3.1/../../../../arm-none-eabi/lib/thumb/v7e-m+fp/hard/libc_nano.a(lib_a-exit.o)
                              /opt/homebrew/Cellar/arm-none-eabi-gcc/10.3-2021.10/gcc/bin/../lib/gcc/arm-none-eabi/10.3.1/../../../../arm-none-eabi/lib/thumb/v7e-m+fp/hard/crt0.o (exit)
/opt/homebrew/Cellar/arm-none-eabi-gcc/10.3-2021.10/gcc/bin/../lib/gcc/arm-none-eabi/10.3.1/../../../../arm-none-eabi/lib/thumb/v7e-m+fp/hard/libc_nano.a(lib_a-impure.o)
                              /opt/homebrew/Cellar/arm-none-eabi-gcc/10.3-2021.10/gcc/bin/../lib/gcc/arm-none-eabi/10.3.1/../../../../arm-none-eabi/lib/thumb/v7e-m+fp/hard/libc_nano.a(lib_a-exit.o) (_global_impure_ptr)
/opt/homebrew/Cellar/arm-none-eabi-gcc/10.3-2021.10/gcc/bin/../lib/gcc/arm-none-eabi/10.3.1/../../../../arm-none-eabi/lib/thumb/v7e-m+fp/hard/libc_nano.a(lib_a-init.o)
                              /opt/homebrew/Cellar/arm-none-eabi-gcc/10.3-2021.10/gcc/bin/../lib/gcc/arm-none-eabi/10.3.1/../../../../arm-none-eabi/lib/thumb/v7e-m+fp/hard/crt0.o (__libc_init_array)
/opt/homebrew/Cellar/arm-none-eabi-gcc/10.3-2021.10/gcc/bin/../lib/gcc/arm-none-eabi/10.3.1/../../../../arm-none-eabi/lib/thumb/v7e-m+fp/hard/libc_nano.a(lib_a-memset.o)
                              /opt/homebrew/Cellar/arm-none-eabi-gcc/10.3-2021.10/gcc/bin/../lib/gcc/arm-none-eabi/10.3.1/../../../../arm-none-eabi/lib/thumb/v7e-m+fp/hard/crt0.o (memset)
/opt/homebrew/Cellar/arm-none-eabi-gcc/10.3-2021.10/gcc/bin/../lib/gcc/arm-none-eabi/10.3.1/thumb/v7e-m+fp/hard/libgcc.a(_aeabi_uldivmod.o)
                              CMakeFiles/MD_Rev1.dir/Drivers/STM32G4xx_HAL_Driver/Src/stm32g4xx_hal_uart.c.obj (__aeabi_uldivmod)
/opt/homebrew/Cellar/arm-none-eabi-gcc/10.3-2021.10/gcc/bin/../lib/gcc/arm-none-eabi/10.3.1/thumb/v7e-m+fp/hard/libgcc.a(_udivmoddi4.o)
                              /opt/homebrew/Cellar/arm-none-eabi-gcc/10.3-2021.10/gcc/bin/../lib/gcc/arm-none-eabi/10.3.1/thumb/v7e-m+fp/hard/libgcc.a(_aeabi_uldivmod.o) (__udivmoddi4)
/opt/homebrew/Cellar/arm-none-eabi-gcc/10.3-2021.10/gcc/bin/../lib/gcc/arm-none-eabi/10.3.1/thumb/v7e-m+fp/hard/libgcc.a(_dvmd_tls.o)
                              /opt/homebrew/Cellar/arm-none-eabi-gcc/10.3-2021.10/gcc/bin/../lib/gcc/arm-none-eabi/10.3.1/thumb/v7e-m+fp/hard/libgcc.a(_aeabi_uldivmod.o) (__aeabi_ldiv0)
/opt/homebrew/Cellar/arm-none-eabi-gcc/10.3-2021.10/gcc/bin/../lib/gcc/arm-none-eabi/10.3.1/../../../../arm-none-eabi/lib/thumb/v7e-m+fp/hard/libg_nano.a(lib_a-errno.o)
                              CMakeFiles/MD_Rev1.dir/Core/Src/sysmem.c.obj (__errno)
/opt/homebrew/Cellar/arm-none-eabi-gcc/10.3-2021.10/gcc/bin/../lib/gcc/arm-none-eabi/10.3.1/../../../../arm-none-eabi/lib/thumb/v7e-m+fp/hard/libg_nano.a(lib_a-nano-vfprintf_float.o)
                              CMakeFiles/MD_Rev1.dir/Core/Src/main.c.obj (_printf_float)
/opt/homebrew/Cellar/arm-none-eabi-gcc/10.3-2021.10/gcc/bin/../lib/gcc/arm-none-eabi/10.3.1/../../../../arm-none-eabi/lib/thumb/v7e-m+fp/hard/libg_nano.a(lib_a-nano-vfprintf_i.o)
                              /opt/homebrew/Cellar/arm-none-eabi-gcc/10.3-2021.10/gcc/bin/../lib/gcc/arm-none-eabi/10.3.1/../../../../arm-none-eabi/lib/thumb/v7e-m+fp/hard/libg_nano.a(lib_a-nano-vfprintf_float.o) (_printf_common)
/opt/homebrew/Cellar/arm-none-eabi-gcc/10.3-2021.10/gcc/bin/../lib/gcc/arm-none-eabi/10.3.1/../../../../arm-none-eabi/lib/thumb/v7e-m+fp/hard/libg_nano.a(lib_a-puts.o)
                              CMakeFiles/MD_Rev1.dir/Core/Src/main.c.obj (puts)
/opt/homebrew/Cellar/arm-none-eabi-gcc/10.3-2021.10/gcc/bin/../lib/gcc/arm-none-eabi/10.3.1/../../../../arm-none-eabi/lib/thumb/v7e-m+fp/hard/libg_nano.a(lib_a-setbuf.o)
                              CMakeFiles/MD_Rev1.dir/Core/Src/main.c.obj (setbuf)
/opt/homebrew/Cellar/arm-none-eabi-gcc/10.3-2021.10/gcc/bin/../lib/gcc/arm-none-eabi/10.3.1/../../../../arm-none-eabi/lib/thumb/v7e-m+fp/hard/libg_nano.a(lib_a-setvbuf.o)
                              /opt/homebrew/Cellar/arm-none-eabi-gcc/10.3-2021.10/gcc/bin/../lib/gcc/arm-none-eabi/10.3.1/../../../../arm-none-eabi/lib/thumb/v7e-m+fp/hard/libg_nano.a(lib_a-setbuf.o) (setvbuf)
/opt/homebrew/Cellar/arm-none-eabi-gcc/10.3-2021.10/gcc/bin/../lib/gcc/arm-none-eabi/10.3.1/../../../../arm-none-eabi/lib/thumb/v7e-m+fp/hard/libg_nano.a(lib_a-strlen.o)
                              /opt/homebrew/Cellar/arm-none-eabi-gcc/10.3-2021.10/gcc/bin/../lib/gcc/arm-none-eabi/10.3.1/../../../../arm-none-eabi/lib/thumb/v7e-m+fp/hard/libg_nano.a(lib_a-nano-vfprintf_float.o) (strlen)
/opt/homebrew/Cellar/arm-none-eabi-gcc/10.3-2021.10/gcc/bin/../lib/gcc/arm-none-eabi/10.3.1/../../../../arm-none-eabi/lib/thumb/v7e-m+fp/hard/libg_nano.a(lib_a-wbuf.o)
[...]
Memory Configuration

Name             Origin             Length             Attributes
RAM              0x0000000020000000 0x0000000000008000 xrw
FLASH            0x0000000008000000 0x0000000000010000 xr
*default*        0x0000000000000000 0xffffffffffffffff

Linker script and memory map

LOAD /opt/homebrew/Cellar/arm-none-eabi-gcc/10.3-2021.10/gcc/bin/../lib/gcc/arm-none-eabi/10.3.1/thumb/v7e-m+fp/hard/crti.o
LOAD /opt/homebrew/Cellar/arm-none-eabi-gcc/10.3-2021.10/gcc/bin/../lib/gcc/arm-none-eabi/10.3.1/thumb/v7e-m+fp/hard/crtbegin.o
LOAD /opt/homebrew/Cellar/arm-none-eabi-gcc/10.3-2021.10/gcc/bin/../lib/gcc/arm-none-eabi/10.3.1/../../../../arm-none-eabi/lib/thumb/v7e-m+fp/hard/crt0.o
START GROUP
LOAD /opt/homebrew/Cellar/arm-none-eabi-gcc/10.3-2021.10/gcc/bin/../lib/gcc/arm-none-eabi/10.3.1/../../../../arm-none-eabi/lib/thumb/v7e-m+fp/hard/libc_nano.a
LOAD /opt/homebrew/Cellar/arm-none-eabi-gcc/10.3-2021.10/gcc/bin/../lib/gcc/arm-none-eabi/10.3.1/../../../../arm-none-eabi/lib/thumb/v7e-m+fp/hard/libm.a
END GROUP
LOAD CMakeFiles/MD_Rev1.dir/Core/Src/main.c.obj
LOAD CMakeFiles/MD_Rev1.dir/Core/Src/gpio.c.obj
LOAD CMakeFiles/MD_Rev1.dir/Core/Src/adc.c.obj
LOAD CMakeFiles/MD_Rev1.dir/Core/Src/dma.c.obj
LOAD CMakeFiles/MD_Rev1.dir/Core/Src/opamp.c.obj
LOAD CMakeFiles/MD_Rev1.dir/Core/Src/tim.c.obj
LOAD CMakeFiles/MD_Rev1.dir/Core/Src/usart.c.obj
LOAD CMakeFiles/MD_Rev1.dir/Core/Src/stm32g4xx_it.c.obj
LOAD CMakeFiles/MD_Rev1.dir/Core/Src/stm32g4xx_hal_msp.c.obj
LOAD CMakeFiles/MD_Rev1.dir/Drivers/STM32G4xx_HAL_Driver/Src/stm32g4xx_hal_adc.c.obj
LOAD CMakeFiles/MD_Rev1.dir/Drivers/STM32G4xx_HAL_Driver/Src/stm32g4xx_hal_adc_ex.c.obj
LOAD CMakeFiles/MD_Rev1.dir/Drivers/STM32G4xx_HAL_Driver/Src/stm32g4xx_ll_adc.c.obj
LOAD CMakeFiles/MD_Rev1.dir/Drivers/STM32G4xx_HAL_Driver/Src/stm32g4xx_hal.c.obj
LOAD CMakeFiles/MD_Rev1.dir/Drivers/STM32G4xx_HAL_Driver/Src/stm32g4xx_hal_rcc.c.obj
LOAD CMakeFiles/MD_Rev1.dir/Drivers/STM32G4xx_HAL_Driver/Src/stm32g4xx_hal_rcc_ex.c.obj
LOAD CMakeFiles/MD_Rev1.dir/Drivers/STM32G4xx_HAL_Driver/Src/stm32g4xx_hal_flash.c.obj
LOAD CMakeFiles/MD_Rev1.dir/Drivers/STM32G4xx_HAL_Driver/Src/stm32g4xx_hal_flash_ex.c.obj
LOAD CMakeFiles/MD_Rev1.dir/Drivers/STM32G4xx_HAL_Driver/Src/stm32g4xx_hal_flash_ramfunc.c.obj
LOAD CMakeFiles/MD_Rev1.dir/Drivers/STM32G4xx_HAL_Driver/Src/stm32g4xx_hal_gpio.c.obj
LOAD CMakeFiles/MD_Rev1.dir/Drivers/STM32G4xx_HAL_Driver/Src/stm32g4xx_hal_exti.c.obj
LOAD CMakeFiles/MD_Rev1.dir/Drivers/STM32G4xx_HAL_Driver/Src/stm32g4xx_hal_dma.c.obj
LOAD CMakeFiles/MD_Rev1.dir/Drivers/STM32G4xx_HAL_Driver/Src/stm32g4xx_hal_dma_ex.c.obj
LOAD CMakeFiles/MD_Rev1.dir/Drivers/STM32G4xx_HAL_Driver/Src/stm32g4xx_hal_pwr.c.obj
LOAD CMakeFiles/MD_Rev1.dir/Drivers/STM32G4xx_HAL_Driver/Src/stm32g4xx_hal_pwr_ex.c.obj
LOAD CMakeFiles/MD_Rev1.dir/Drivers/STM32G4xx_HAL_Driver/Src/stm32g4xx_hal_cortex.c.obj
LOAD CMakeFiles/MD_Rev1.dir/Drivers/STM32G4xx_HAL_Driver/Src/stm32g4xx_hal_opamp.c.obj
LOAD CMakeFiles/MD_Rev1.dir/Drivers/STM32G4xx_HAL_Driver/Src/stm32g4xx_hal_opamp_ex.c.obj
LOAD CMakeFiles/MD_Rev1.dir/Drivers/STM32G4xx_HAL_Driver/Src/stm32g4xx_hal_tim.c.obj
LOAD CMakeFiles/MD_Rev1.dir/Drivers/STM32G4xx_HAL_Driver/Src/stm32g4xx_hal_tim_ex.c.obj
LOAD CMakeFiles/MD_Rev1.dir/Drivers/STM32G4xx_HAL_Driver/Src/stm32g4xx_hal_uart.c.obj
LOAD CMakeFiles/MD_Rev1.dir/Drivers/STM32G4xx_HAL_Driver/Src/stm32g4xx_hal_uart_ex.c.obj
LOAD CMakeFiles/MD_Rev1.dir/Core/Src/system_stm32g4xx.c.obj
LOAD CMakeFiles/MD_Rev1.dir/Core/Src/sysmem.c.obj
LOAD CMakeFiles/MD_Rev1.dir/Core/Src/syscalls.c.obj
LOAD CMakeFiles/MD_Rev1.dir/startup_stm32g431xx.s.obj
START GROUP
LOAD /opt/homebrew/Cellar/arm-none-eabi-gcc/10.3-2021.10/gcc/bin/../lib/gcc/arm-none-eabi/10.3.1/thumb/v7e-m+fp/hard/libgcc.a
LOAD /opt/homebrew/Cellar/arm-none-eabi-gcc/10.3-2021.10/gcc/bin/../lib/gcc/arm-none-eabi/10.3.1/../../../../arm-none-eabi/lib/thumb/v7e-m+fp/hard/libg_nano.a
LOAD /opt/homebrew/Cellar/arm-none-eabi-gcc/10.3-2021.10/gcc/bin/../lib/gcc/arm-none-eabi/10.3.1/../../../../arm-none-eabi/lib/thumb/v7e-m+fp/hard/libc_nano.a
END GROUP
START GROUP
LOAD /opt/homebrew/Cellar/arm-none-eabi-gcc/10.3-2021.10/gcc/bin/../lib/gcc/arm-none-eabi/10.3.1/thumb/v7e-m+fp/hard/libgcc.a
LOAD /opt/homebrew/Cellar/arm-none-eabi-gcc/10.3-2021.10/gcc/bin/../lib/gcc/arm-none-eabi/10.3.1/../../../../arm-none-eabi/lib/thumb/v7e-m+fp/hard/libc_nano.a
END GROUP
LOAD /opt/homebrew/Cellar/arm-none-eabi-gcc/10.3-2021.10/gcc/bin/../lib/gcc/arm-none-eabi/10.3.1/thumb/v7e-m+fp/hard/crtend.o
LOAD /opt/homebrew/Cellar/arm-none-eabi-gcc/10.3-2021.10/gcc/bin/../lib/gcc/arm-none-eabi/10.3.1/thumb/v7e-m+fp/hard/crtn.o
                0x0000000020008000                _estack = (ORIGIN (RAM) + LENGTH (RAM))
                0x0000000000000200                _Min_Heap_Size = 0x200
                0x0000000000000400                _Min_Stack_Size = 0x400

.isr_vector     0x0000000008000000      0x1d8
                0x0000000008000000                . = ALIGN (0x4)
 *(.isr_vector)
 .isr_vector    0x0000000008000000      0x1d8 CMakeFiles/MD_Rev1.dir/startup_stm32g431xx.s.obj
                0x0000000008000000                g_pfnVectors
                0x00000000080001d8                . = ALIGN (0x4)

.text           0x00000000080001d8     0x77dc
                0x00000000080001d8                . = ALIGN (0x4)
 *(.text)
 .text          0x00000000080001d8       0x40 /opt/homebrew/Cellar/arm-none-eabi-gcc/10.3-2021.10/gcc/bin/../lib/gcc/arm-none-eabi/10.3.1/thumb/v7e-m+fp/hard/crtbegin.o
 .text          0x0000000008000218       0x30 /opt/homebrew/Cellar/arm-none-eabi-gcc/10.3-2021.10/gcc/bin/../lib/gcc/arm-none-eabi/10.3.1/thumb/v7e-m+fp/hard/libgcc.a(_aeabi_uldivmod.o)
                0x0000000008000218                __aeabi_uldivmod
 .text          0x0000000008000248      0x2d0 /opt/homebrew/Cellar/arm-none-eabi-gcc/10.3-2021.10/gcc/bin/../lib/gcc/arm-none-eabi/10.3.1/thumb/v7e-m+fp/hard/libgcc.a(_udivmoddi4.o)
                0x0000000008000248                __udivmoddi4
 .text          0x0000000008000518        0x4 /opt/homebrew/Cellar/arm-none-eabi-gcc/10.3-2021.10/gcc/bin/../lib/gcc/arm-none-eabi/10.3.1/thumb/v7e-m+fp/hard/libgcc.a(_dvmd_tls.o)
                0x0000000008000518                __aeabi_ldiv0
                0x0000000008000518                __aeabi_idiv0
 *(.text*)
 .text.__libc_init_array
                0x000000000800051c       0x48 /opt/homebrew/Cellar/arm-none-eabi-gcc/10.3-2021.10/gcc/bin/../lib/gcc/arm-none-eabi/10.3.1/../../../../arm-none-eabi/lib/thumb/v7e-m+fp/hard/libc_nano.a(lib_a-init.o)
                0x000000000800051c                __libc_init_array
 .text.memset   0x0000000008000564       0x10 /opt/homebrew/Cellar/arm-none-eabi-gcc/10.3-2021.10/gcc/bin/../lib/gcc/arm-none-eabi/10.3.1/../../../../arm-none-eabi/lib/thumb/v7e-m+fp/hard/libc_nano.a(lib_a-memset.o)
                0x0000000008000564                memset
 .text.main     0x0000000008000574      0x100 CMakeFiles/MD_Rev1.dir/Core/Src/main.c.obj
                0x0000000008000574                main
 .text.SystemClock_Config
                0x0000000008000674       0x96 CMakeFiles/MD_Rev1.dir/Core/Src/main.c.obj
                0x0000000008000674                SystemClock_Config
 *fill*         0x000000000800070a        0x2 
 .text._write   0x000000000800070c       0x28 CMakeFiles/MD_Rev1.dir/Core/Src/main.c.obj
                0x000000000800070c                _write
 .text.HAL_TIM_PeriodElapsedCallback
                0x0000000008000734       0x14 CMakeFiles/MD_Rev1.dir/Core/Src/main.c.obj
                0x0000000008000734                HAL_TIM_PeriodElapsedCallback
 .text.Error_Handler
                0x0000000008000748        0xa CMakeFiles/MD_Rev1.dir/Core/Src/main.c.obj
                0x0000000008000748                Error_Handler
 *fill*         0x0000000008000752        0x2 
 .text.MX_GPIO_Init
                0x0000000008000754       0x7c CMakeFiles/MD_Rev1.dir/Core/Src/gpio.c.obj
                0x0000000008000754                MX_GPIO_Init
 .text.MX_ADC1_Init
                0x00000000080007d0      0x108 CMakeFiles/MD_Rev1.dir/Core/Src/adc.c.obj
                0x00000000080007d0                MX_ADC1_Init
 .text.MX_ADC2_Init
                0x00000000080008d8       0xe4 CMakeFiles/MD_Rev1.dir/Core/Src/adc.c.obj
                0x00000000080008d8                MX_ADC2_Init
 .text.HAL_ADC_MspInit
                0x00000000080009bc      0x204 CMakeFiles/MD_Rev1.dir/Core/Src/adc.c.obj
                0x00000000080009bc                HAL_ADC_MspInit
 .text.MX_DMA_Init
                0x0000000008000bc0       0x64 CMakeFiles/MD_Rev1.dir/Core/Src/dma.c.obj
                0x0000000008000bc0                MX_DMA_Init
 .text.MX_OPAMP1_Init
                0x0000000008000c24       0x58 CMakeFiles/MD_Rev1.dir/Core/Src/opamp.c.obj
                0x0000000008000c24                MX_OPAMP1_Init
 .text.MX_OPAMP2_Init
                0x0000000008000c7c       0x58 CMakeFiles/MD_Rev1.dir/Core/Src/opamp.c.obj
                0x0000000008000c7c                MX_OPAMP2_Init
 .text.HAL_OPAMP_MspInit
                0x0000000008000cd4       0xa8 CMakeFiles/MD_Rev1.dir/Core/Src/opamp.c.obj
                0x0000000008000cd4                HAL_OPAMP_MspInit
 .text.MX_TIM2_Init
                0x0000000008000d7c      0x104 CMakeFiles/MD_Rev1.dir/Core/Src/tim.c.obj
                0x0000000008000d7c                MX_TIM2_Init
 .text.MX_TIM3_Init
                0x0000000008000e80      0x138 CMakeFiles/MD_Rev1.dir/Core/Src/tim.c.obj
                0x0000000008000e80                MX_TIM3_Init
 .text.MX_TIM4_Init
                0x0000000008000fb8      0x134 CMakeFiles/MD_Rev1.dir/Core/Src/tim.c.obj
                0x0000000008000fb8                MX_TIM4_Init
 .text.MX_TIM15_Init
                0x00000000080010ec       0xa0 CMakeFiles/MD_Rev1.dir/Core/Src/tim.c.obj
                0x00000000080010ec                MX_TIM15_Init
 .text.MX_TIM16_Init
                0x000000000800118c       0x4c CMakeFiles/MD_Rev1.dir/Core/Src/tim.c.obj
                0x000000000800118c                MX_TIM16_Init
 .text.MX_TIM17_Init
                0x00000000080011d8       0x50 CMakeFiles/MD_Rev1.dir/Core/Src/tim.c.obj
                0x00000000080011d8                MX_TIM17_Init
 .text.HAL_TIM_Base_MspInit
                0x0000000008001228      0x130 CMakeFiles/MD_Rev1.dir/Core/Src/tim.c.obj
                0x0000000008001228                HAL_TIM_Base_MspInit
 .text.HAL_TIM_MspPostInit
                0x0000000008001358      0x138 CMakeFiles/MD_Rev1.dir/Core/Src/tim.c.obj
                0x0000000008001358                HAL_TIM_MspPostInit
 .text.MX_USART1_UART_Init
                0x0000000008001490       0x98 CMakeFiles/MD_Rev1.dir/Core/Src/usart.c.obj
                0x0000000008001490                MX_USART1_UART_Init
 .text.HAL_UART_MspInit
                0x0000000008001528       0xb0 CMakeFiles/MD_Rev1.dir/Core/Src/usart.c.obj
                0x0000000008001528                HAL_UART_MspInit
 .text.NMI_Handler
                0x00000000080015d8        0x6 CMakeFiles/MD_Rev1.dir/Core/Src/stm32g4xx_it.c.obj
                0x00000000080015d8                NMI_Handler
 .text.HardFault_Handler
                0x00000000080015de        0x6 CMakeFiles/MD_Rev1.dir/Core/Src/stm32g4xx_it.c.obj
                0x00000000080015de                HardFault_Handler
 .text.MemManage_Handler
                0x00000000080015e4        0x6 CMakeFiles/MD_Rev1.dir/Core/Src/stm32g4xx_it.c.obj
                0x00000000080015e4                MemManage_Handler
 .text.BusFault_Handler
                0x00000000080015ea        0x6 CMakeFiles/MD_Rev1.dir/Core/Src/stm32g4xx_it.c.obj
                0x00000000080015ea                BusFault_Handler
 .text.UsageFault_Handler
                0x00000000080015f0        0x6 CMakeFiles/MD_Rev1.dir/Core/Src/stm32g4xx_it.c.obj
                0x00000000080015f0                UsageFault_Handler
 .text.SVC_Handler
                0x00000000080015f6        0xe CMakeFiles/MD_Rev1.dir/Core/Src/stm32g4xx_it.c.obj
                0x00000000080015f6                SVC_Handler
 .text.DebugMon_Handler
                0x0000000008001604        0xe CMakeFiles/MD_Rev1.dir/Core/Src/stm32g4xx_it.c.obj
                0x0000000008001604                DebugMon_Handler
 .text.PendSV_Handler
                0x0000000008001612        0xe CMakeFiles/MD_Rev1.dir/Core/Src/stm32g4xx_it.c.obj
                0x0000000008001612                PendSV_Handler
 .text.SysTick_Handler
                0x0000000008001620        0xc CMakeFiles/MD_Rev1.dir/Core/Src/stm32g4xx_it.c.obj
                0x0000000008001620                SysTick_Handler
 .text.DMA1_Channel1_IRQHandler
                0x000000000800162c       0x14 CMakeFiles/MD_Rev1.dir/Core/Src/stm32g4xx_it.c.obj
                0x000000000800162c                DMA1_Channel1_IRQHandler
 .text.DMA1_Channel2_IRQHandler
                0x0000000008001640       0x14 CMakeFiles/MD_Rev1.dir/Core/Src/stm32g4xx_it.c.obj
                0x0000000008001640                DMA1_Channel2_IRQHandler
 .text.TIM1_BRK_TIM15_IRQHandler
                0x0000000008001654       0x14 CMakeFiles/MD_Rev1.dir/Core/Src/stm32g4xx_it.c.obj
                0x0000000008001654                TIM1_BRK_TIM15_IRQHandler
 .text.TIM1_UP_TIM16_IRQHandler
                0x0000000008001668       0x14 CMakeFiles/MD_Rev1.dir/Core/Src/stm32g4xx_it.c.obj
                0x0000000008001668                TIM1_UP_TIM16_IRQHandler
 .text.TIM1_TRG_COM_TIM17_IRQHandler
                0x000000000800167c       0x14 CMakeFiles/MD_Rev1.dir/Core/Src/stm32g4xx_it.c.obj
                0x000000000800167c                TIM1_TRG_COM_TIM17_IRQHandler
 .text.HAL_MspInit
                0x0000000008001690       0x48 CMakeFiles/MD_Rev1.dir/Core/Src/stm32g4xx_hal_msp.c.obj
                0x0000000008001690                HAL_MspInit
 .text.LL_ADC_SetCommonClock
                0x00000000080016d8       0x26 CMakeFiles/MD_Rev1.dir/Drivers/STM32G4xx_HAL_Driver/Src/stm32g4xx_hal_adc.c.obj
 .text.LL_ADC_SetCommonPathInternalCh
                0x00000000080016fe       0x26 CMakeFiles/MD_Rev1.dir/Drivers/STM32G4xx_HAL_Driver/Src/stm32g4xx_hal_adc.c.obj
 .text.LL_ADC_GetCommonPathInternalCh
                0x0000000008001724       0x1c CMakeFiles/MD_Rev1.dir/Drivers/STM32G4xx_HAL_Driver/Src/stm32g4xx_hal_adc.c.obj
 .text.LL_ADC_SetOffset
                0x0000000008001740       0x48 CMakeFiles/MD_Rev1.dir/Drivers/STM32G4xx_HAL_Driver/Src/stm32g4xx_hal_adc.c.obj
 .text.LL_ADC_GetOffsetChannel
                0x0000000008001788       0x2c CMakeFiles/MD_Rev1.dir/Drivers/STM32G4xx_HAL_Driver/Src/stm32g4xx_hal_adc.c.obj
 .text.LL_ADC_SetOffsetState
                0x00000000080017b4       0x36 CMakeFiles/MD_Rev1.dir/Drivers/STM32G4xx_HAL_Driver/Src/stm32g4xx_hal_adc.c.obj
 .text.LL_ADC_SetOffsetSign
                0x00000000080017ea       0x36 CMakeFiles/MD_Rev1.dir/Drivers/STM32G4xx_HAL_Driver/Src/stm32g4xx_hal_adc.c.obj
 .text.LL_ADC_SetOffsetSaturation
                0x0000000008001820       0x36 CMakeFiles/MD_Rev1.dir/Drivers/STM32G4xx_HAL_Driver/Src/stm32g4xx_hal_adc.c.obj
 .text.LL_ADC_SetSamplingTimeCommonConfig
                0x0000000008001856       0x26 CMakeFiles/MD_Rev1.dir/Drivers/STM32G4xx_HAL_Driver/Src/stm32g4xx_hal_adc.c.obj
 .text.LL_ADC_REG_IsTriggerSourceSWStart
                0x000000000800187c       0x26 CMakeFiles/MD_Rev1.dir/Drivers/STM32G4xx_HAL_Driver/Src/stm32g4xx_hal_adc.c.obj
 .text.LL_ADC_REG_SetSequencerRanks
                0x00000000080018a2       0x58 CMakeFiles/MD_Rev1.dir/Drivers/STM32G4xx_HAL_Driver/Src/stm32g4xx_hal_adc.c.obj
 .text.LL_ADC_SetChannelSamplingTime
                0x00000000080018fa       0x56 CMakeFiles/MD_Rev1.dir/Drivers/STM32G4xx_HAL_Driver/Src/stm32g4xx_hal_adc.c.obj
 .text.LL_ADC_SetChannelSingleDiff
                0x0000000008001950       0x48 CMakeFiles/MD_Rev1.dir/Drivers/STM32G4xx_HAL_Driver/Src/stm32g4xx_hal_adc.c.obj
 .text.LL_ADC_GetMultimode
                0x0000000008001998       0x1c CMakeFiles/MD_Rev1.dir/Drivers/STM32G4xx_HAL_Driver/Src/stm32g4xx_hal_adc.c.obj
 .text.LL_ADC_DisableDeepPowerDown
                0x00000000080019b4       0x24 CMakeFiles/MD_Rev1.dir/Drivers/STM32G4xx_HAL_Driver/Src/stm32g4xx_hal_adc.c.obj
 .text.LL_ADC_IsDeepPowerDownEnabled
                0x00000000080019d8       0x28 CMakeFiles/MD_Rev1.dir/Drivers/STM32G4xx_HAL_Driver/Src/stm32g4xx_hal_adc.c.obj
 .text.LL_ADC_EnableInternalRegulator
                0x0000000008001a00       0x28 CMakeFiles/MD_Rev1.dir/Drivers/STM32G4xx_HAL_Driver/Src/stm32g4xx_hal_adc.c.obj
 .text.LL_ADC_IsInternalRegulatorEnabled
                0x0000000008001a28       0x28 CMakeFiles/MD_Rev1.dir/Drivers/STM32G4xx_HAL_Driver/Src/stm32g4xx_hal_adc.c.obj
 .text.LL_ADC_Enable
                0x0000000008001a50       0x28 CMakeFiles/MD_Rev1.dir/Drivers/STM32G4xx_HAL_Driver/Src/stm32g4xx_hal_adc.c.obj
 .text.LL_ADC_IsEnabled
                0x0000000008001a78       0x26 CMakeFiles/MD_Rev1.dir/Drivers/STM32G4xx_HAL_Driver/Src/stm32g4xx_hal_adc.c.obj
 .text.LL_ADC_REG_StartConversion
                0x0000000008001a9e       0x28 CMakeFiles/MD_Rev1.dir/Drivers/STM32G4xx_HAL_Driver/Src/stm32g4xx_hal_adc.c.obj
 .text.LL_ADC_REG_IsConversionOngoing
                0x0000000008001ac6       0x26 CMakeFiles/MD_Rev1.dir/Drivers/STM32G4xx_HAL_Driver/Src/stm32g4xx_hal_adc.c.obj
 .text.LL_ADC_INJ_IsConversionOngoing
                0x0000000008001aec       0x26 CMakeFiles/MD_Rev1.dir/Drivers/STM32G4xx_HAL_Driver/Src/stm32g4xx_hal_adc.c.obj
 *fill*         0x0000000008001b12        0x2 
 .text.HAL_ADC_Init
                0x0000000008001b14      0x308 CMakeFiles/MD_Rev1.dir/Drivers/STM32G4xx_HAL_Driver/Src/stm32g4xx_hal_adc.c.obj
                0x0000000008001b14                HAL_ADC_Init
 .text.HAL_ADC_Start_DMA
                0x0000000008001e1c      0x168 CMakeFiles/MD_Rev1.dir/Drivers/STM32G4xx_HAL_Driver/Src/stm32g4xx_hal_adc.c.obj
                0x0000000008001e1c                HAL_ADC_Start_DMA
 .text.HAL_ADC_ConvCpltCallback
                0x0000000008001f84       0x14 CMakeFiles/MD_Rev1.dir/Drivers/STM32G4xx_HAL_Driver/Src/stm32g4xx_hal_adc.c.obj
                0x0000000008001f84                HAL_ADC_ConvCpltCallback
 .text.HAL_ADC_ConvHalfCpltCallback
                0x0000000008001f98       0x14 CMakeFiles/MD_Rev1.dir/Drivers/STM32G4xx_HAL_Driver/Src/stm32g4xx_hal_adc.c.obj
                0x0000000008001f98                HAL_ADC_ConvHalfCpltCallback
 .text.HAL_ADC_ErrorCallback
                0x0000000008001fac       0x14 CMakeFiles/MD_Rev1.dir/Drivers/STM32G4xx_HAL_Driver/Src/stm32g4xx_hal_adc.c.obj
                0x0000000008001fac                HAL_ADC_ErrorCallback
 .text.HAL_ADC_ConfigChannel
                0x0000000008001fc0      0x7e0 CMakeFiles/MD_Rev1.dir/Drivers/STM32G4xx_HAL_Driver/Src/stm32g4xx_hal_adc.c.obj
                0x0000000008001fc0                HAL_ADC_ConfigChannel
 .text.ADC_Enable
                0x00000000080027a0      0x10c CMakeFiles/MD_Rev1.dir/Drivers/STM32G4xx_HAL_Driver/Src/stm32g4xx_hal_adc.c.obj
                0x00000000080027a0                ADC_Enable
 .text.ADC_DMAConvCplt
                0x00000000080028ac       0xd8 CMakeFiles/MD_Rev1.dir/Drivers/STM32G4xx_HAL_Driver/Src/stm32g4xx_hal_adc.c.obj
                0x00000000080028ac                ADC_DMAConvCplt
 .text.ADC_DMAHalfConvCplt
                0x0000000008002984       0x1c CMakeFiles/MD_Rev1.dir/Drivers/STM32G4xx_HAL_Driver/Src/stm32g4xx_hal_adc.c.obj
                0x0000000008002984                ADC_DMAHalfConvCplt
 .text.ADC_DMAError
                0x00000000080029a0       0x34 CMakeFiles/MD_Rev1.dir/Drivers/STM32G4xx_HAL_Driver/Src/stm32g4xx_hal_adc.c.obj
                0x00000000080029a0                ADC_DMAError
 .text.LL_ADC_IsEnabled
                0x00000000080029d4       0x26 CMakeFiles/MD_Rev1.dir/Drivers/STM32G4xx_HAL_Driver/Src/stm32g4xx_hal_adc_ex.c.obj
 .text.LL_ADC_REG_IsConversionOngoing
                0x00000000080029fa       0x26 CMakeFiles/MD_Rev1.dir/Drivers/STM32G4xx_HAL_Driver/Src/stm32g4xx_hal_adc_ex.c.obj
 .text.HAL_ADCEx_MultiModeConfigChannel
                0x0000000008002a20      0x148 CMakeFiles/MD_Rev1.dir/Drivers/STM32G4xx_HAL_Driver/Src/stm32g4xx_hal_adc_ex.c.obj
                0x0000000008002a20                HAL_ADCEx_MultiModeConfigChannel
 .text.HAL_Init
                0x0000000008002b68       0x30 CMakeFiles/MD_Rev1.dir/Drivers/STM32G4xx_HAL_Driver/Src/stm32g4xx_hal.c.obj
                0x0000000008002b68                HAL_Init
 .text.HAL_InitTick
                0x0000000008002b98       0x74 CMakeFiles/MD_Rev1.dir/Drivers/STM32G4xx_HAL_Driver/Src/stm32g4xx_hal.c.obj
                0x0000000008002b98                HAL_InitTick
 .text.HAL_IncTick
                0x0000000008002c0c       0x24 CMakeFiles/MD_Rev1.dir/Drivers/STM32G4xx_HAL_Driver/Src/stm32g4xx_hal.c.obj
                0x0000000008002c0c                HAL_IncTick
 .text.HAL_GetTick
                0x0000000008002c30       0x18 CMakeFiles/MD_Rev1.dir/Drivers/STM32G4xx_HAL_Driver/Src/stm32g4xx_hal.c.obj
                0x0000000008002c30                HAL_GetTick
 .text.HAL_Delay
                0x0000000008002c48       0x44 CMakeFiles/MD_Rev1.dir/Drivers/STM32G4xx_HAL_Driver/Src/stm32g4xx_hal.c.obj
                0x0000000008002c48                HAL_Delay
 .text.HAL_RCC_OscConfig
                0x0000000008002c8c      0x624 CMakeFiles/MD_Rev1.dir/Drivers/STM32G4xx_HAL_Driver/Src/stm32g4xx_hal_rcc.c.obj
                0x0000000008002c8c                HAL_RCC_OscConfig
 .text.HAL_RCC_ClockConfig
                0x00000000080032b0      0x278 CMakeFiles/MD_Rev1.dir/Drivers/STM32G4xx_HAL_Driver/Src/stm32g4xx_hal_rcc.c.obj
                0x00000000080032b0                HAL_RCC_ClockConfig
 .text.HAL_RCC_GetSysClockFreq
                0x0000000008003528       0xc4 CMakeFiles/MD_Rev1.dir/Drivers/STM32G4xx_HAL_Driver/Src/stm32g4xx_hal_rcc.c.obj
                0x0000000008003528                HAL_RCC_GetSysClockFreq
 .text.HAL_RCC_GetHCLKFreq
                0x00000000080035ec       0x18 CMakeFiles/MD_Rev1.dir/Drivers/STM32G4xx_HAL_Driver/Src/stm32g4xx_hal_rcc.c.obj
                0x00000000080035ec                HAL_RCC_GetHCLKFreq
 .text.HAL_RCC_GetPCLK1Freq
                0x0000000008003604       0x2c CMakeFiles/MD_Rev1.dir/Drivers/STM32G4xx_HAL_Driver/Src/stm32g4xx_hal_rcc.c.obj
                0x0000000008003604                HAL_RCC_GetPCLK1Freq
 .text.HAL_RCC_GetPCLK2Freq
                0x0000000008003630       0x2c CMakeFiles/MD_Rev1.dir/Drivers/STM32G4xx_HAL_Driver/Src/stm32g4xx_hal_rcc.c.obj
                0x0000000008003630                HAL_RCC_GetPCLK2Freq
 .text.RCC_GetSysClockFreqFromPLLSource
                0x000000000800365c       0x8c CMakeFiles/MD_Rev1.dir/Drivers/STM32G4xx_HAL_Driver/Src/stm32g4xx_hal_rcc.c.obj
 .text.HAL_RCCEx_PeriphCLKConfig
                0x00000000080036e8      0x3e0 CMakeFiles/MD_Rev1.dir/Drivers/STM32G4xx_HAL_Driver/Src/stm32g4xx_hal_rcc_ex.c.obj
                0x00000000080036e8                HAL_RCCEx_PeriphCLKConfig
 .text.HAL_GPIO_Init
                0x0000000008003ac8      0x304 CMakeFiles/MD_Rev1.dir/Drivers/STM32G4xx_HAL_Driver/Src/stm32g4xx_hal_gpio.c.obj
                0x0000000008003ac8                HAL_GPIO_Init
 .text.HAL_GPIO_WritePin
                0x0000000008003dcc       0x30 CMakeFiles/MD_Rev1.dir/Drivers/STM32G4xx_HAL_Driver/Src/stm32g4xx_hal_gpio.c.obj
                0x0000000008003dcc                HAL_GPIO_WritePin
 .text.HAL_DMA_Init
                0x0000000008003dfc      0x150 CMakeFiles/MD_Rev1.dir/Drivers/STM32G4xx_HAL_Driver/Src/stm32g4xx_hal_dma.c.obj
                0x0000000008003dfc                HAL_DMA_Init
 .text.HAL_DMA_Start_IT
                0x0000000008003f4c       0xf6 CMakeFiles/MD_Rev1.dir/Drivers/STM32G4xx_HAL_Driver/Src/stm32g4xx_hal_dma.c.obj
                0x0000000008003f4c                HAL_DMA_Start_IT
 .text.HAL_DMA_IRQHandler
                0x0000000008004042      0x15e CMakeFiles/MD_Rev1.dir/Drivers/STM32G4xx_HAL_Driver/Src/stm32g4xx_hal_dma.c.obj
                0x0000000008004042                HAL_DMA_IRQHandler
 .text.DMA_SetConfig
                0x00000000080041a0       0x7c CMakeFiles/MD_Rev1.dir/Drivers/STM32G4xx_HAL_Driver/Src/stm32g4xx_hal_dma.c.obj
 .text.DMA_CalcDMAMUXChannelBaseAndMask
                0x000000000800421c       0x7c CMakeFiles/MD_Rev1.dir/Drivers/STM32G4xx_HAL_Driver/Src/stm32g4xx_hal_dma.c.obj
 .text.DMA_CalcDMAMUXRequestGenBaseAndMask
                0x0000000008004298       0x48 CMakeFiles/MD_Rev1.dir/Drivers/STM32G4xx_HAL_Driver/Src/stm32g4xx_hal_dma.c.obj
 .text.HAL_PWREx_ControlVoltageScaling
                0x00000000080042e0      0x148 CMakeFiles/MD_Rev1.dir/Drivers/STM32G4xx_HAL_Driver/Src/stm32g4xx_hal_pwr_ex.c.obj
                0x00000000080042e0                HAL_PWREx_ControlVoltageScaling
 .text.HAL_PWREx_DisableUCPDDeadBattery
                0x0000000008004428       0x20 CMakeFiles/MD_Rev1.dir/Drivers/STM32G4xx_HAL_Driver/Src/stm32g4xx_hal_pwr_ex.c.obj
                0x0000000008004428                HAL_PWREx_DisableUCPDDeadBattery
 .text.__NVIC_SetPriorityGrouping
                0x0000000008004448       0x48 CMakeFiles/MD_Rev1.dir/Drivers/STM32G4xx_HAL_Driver/Src/stm32g4xx_hal_cortex.c.obj
 .text.__NVIC_GetPriorityGrouping
                0x0000000008004490       0x1c CMakeFiles/MD_Rev1.dir/Drivers/STM32G4xx_HAL_Driver/Src/stm32g4xx_hal_cortex.c.obj
 .text.__NVIC_EnableIRQ
                0x00000000080044ac       0x3c CMakeFiles/MD_Rev1.dir/Drivers/STM32G4xx_HAL_Driver/Src/stm32g4xx_hal_cortex.c.obj
 .text.__NVIC_SetPriority
                0x00000000080044e8       0x54 CMakeFiles/MD_Rev1.dir/Drivers/STM32G4xx_HAL_Driver/Src/stm32g4xx_hal_cortex.c.obj
 .text.NVIC_EncodePriority
                0x000000000800453c       0x66 CMakeFiles/MD_Rev1.dir/Drivers/STM32G4xx_HAL_Driver/Src/stm32g4xx_hal_cortex.c.obj
 *fill*         0x00000000080045a2        0x2 
 .text.SysTick_Config
                0x00000000080045a4       0x44 CMakeFiles/MD_Rev1.dir/Drivers/STM32G4xx_HAL_Driver/Src/stm32g4xx_hal_cortex.c.obj
 .text.HAL_NVIC_SetPriorityGrouping
                0x00000000080045e8       0x16 CMakeFiles/MD_Rev1.dir/Drivers/STM32G4xx_HAL_Driver/Src/stm32g4xx_hal_cortex.c.obj
                0x00000000080045e8                HAL_NVIC_SetPriorityGrouping
 .text.HAL_NVIC_SetPriority
                0x00000000080045fe       0x34 CMakeFiles/MD_Rev1.dir/Drivers/STM32G4xx_HAL_Driver/Src/stm32g4xx_hal_cortex.c.obj
                0x00000000080045fe                HAL_NVIC_SetPriority
 .text.HAL_NVIC_EnableIRQ
                0x0000000008004632       0x1c CMakeFiles/MD_Rev1.dir/Drivers/STM32G4xx_HAL_Driver/Src/stm32g4xx_hal_cortex.c.obj
                0x0000000008004632                HAL_NVIC_EnableIRQ
 .text.HAL_SYSTICK_Config
                0x000000000800464e       0x18 CMakeFiles/MD_Rev1.dir/Drivers/STM32G4xx_HAL_Driver/Src/stm32g4xx_hal_cortex.c.obj
                0x000000000800464e                HAL_SYSTICK_Config
 *fill*         0x0000000008004666        0x2 
 .text.HAL_OPAMP_Init
                0x0000000008004668      0x1a0 CMakeFiles/MD_Rev1.dir/Drivers/STM32G4xx_HAL_Driver/Src/stm32g4xx_hal_opamp.c.obj
                0x0000000008004668                HAL_OPAMP_Init
 .text.HAL_TIM_Base_Init
                0x0000000008004808       0xae CMakeFiles/MD_Rev1.dir/Drivers/STM32G4xx_HAL_Driver/Src/stm32g4xx_hal_tim.c.obj
                0x0000000008004808                HAL_TIM_Base_Init
 .text.HAL_TIM_PWM_Init
                0x00000000080048b6       0xae CMakeFiles/MD_Rev1.dir/Drivers/STM32G4xx_HAL_Driver/Src/stm32g4xx_hal_tim.c.obj
                0x00000000080048b6                HAL_TIM_PWM_Init
 .text.HAL_TIM_PWM_MspInit
                0x0000000008004964       0x14 CMakeFiles/MD_Rev1.dir/Drivers/STM32G4xx_HAL_Driver/Src/stm32g4xx_hal_tim.c.obj
                0x0000000008004964                HAL_TIM_PWM_MspInit
 .text.HAL_TIM_PWM_Start
                0x0000000008004978      0x200 CMakeFiles/MD_Rev1.dir/Drivers/STM32G4xx_HAL_Driver/Src/stm32g4xx_hal_tim.c.obj
                0x0000000008004978                HAL_TIM_PWM_Start
 .text.HAL_TIM_IRQHandler
                0x0000000008004b78      0x29e CMakeFiles/MD_Rev1.dir/Drivers/STM32G4xx_HAL_Driver/Src/stm32g4xx_hal_tim.c.obj
                0x0000000008004b78                HAL_TIM_IRQHandler
 *fill*         0x0000000008004e16        0x2 
 .text.HAL_TIM_PWM_ConfigChannel
                0x0000000008004e18      0x228 CMakeFiles/MD_Rev1.dir/Drivers/STM32G4xx_HAL_Driver/Src/stm32g4xx_hal_tim.c.obj
                0x0000000008004e18                HAL_TIM_PWM_ConfigChannel
 .text.HAL_TIM_ConfigClockSource
                0x0000000008005040      0x1f4 CMakeFiles/MD_Rev1.dir/Drivers/STM32G4xx_HAL_Driver/Src/stm32g4xx_hal_tim.c.obj
                0x0000000008005040                HAL_TIM_ConfigClockSource
 .text.HAL_TIM_SlaveConfigSynchro
                0x0000000008005234       0x84 CMakeFiles/MD_Rev1.dir/Drivers/STM32G4xx_HAL_Driver/Src/stm32g4xx_hal_tim.c.obj
                0x0000000008005234                HAL_TIM_SlaveConfigSynchro
 .text.HAL_TIM_OC_DelayElapsedCallback
                0x00000000080052b8       0x14 CMakeFiles/MD_Rev1.dir/Drivers/STM32G4xx_HAL_Driver/Src/stm32g4xx_hal_tim.c.obj
                0x00000000080052b8                HAL_TIM_OC_DelayElapsedCallback
 .text.HAL_TIM_IC_CaptureCallback
                0x00000000080052cc       0x14 CMakeFiles/MD_Rev1.dir/Drivers/STM32G4xx_HAL_Driver/Src/stm32g4xx_hal_tim.c.obj
                0x00000000080052cc                HAL_TIM_IC_CaptureCallback
 .text.HAL_TIM_PWM_PulseFinishedCallback
                0x00000000080052e0       0x14 CMakeFiles/MD_Rev1.dir/Drivers/STM32G4xx_HAL_Driver/Src/stm32g4xx_hal_tim.c.obj
                0x00000000080052e0                HAL_TIM_PWM_PulseFinishedCallback
 .text.HAL_TIM_TriggerCallback
                0x00000000080052f4       0x14 CMakeFiles/MD_Rev1.dir/Drivers/STM32G4xx_HAL_Driver/Src/stm32g4xx_hal_tim.c.obj
                0x00000000080052f4                HAL_TIM_TriggerCallback
 .text.TIM_Base_SetConfig
                0x0000000008005308      0x138 CMakeFiles/MD_Rev1.dir/Drivers/STM32G4xx_HAL_Driver/Src/stm32g4xx_hal_tim.c.obj
                0x0000000008005308                TIM_Base_SetConfig
 .text.TIM_OC1_SetConfig
                0x0000000008005440      0x120 CMakeFiles/MD_Rev1.dir/Drivers/STM32G4xx_HAL_Driver/Src/stm32g4xx_hal_tim.c.obj
 .text.TIM_OC2_SetConfig
                0x0000000008005560      0x114 CMakeFiles/MD_Rev1.dir/Drivers/STM32G4xx_HAL_Driver/Src/stm32g4xx_hal_tim.c.obj
                0x0000000008005560                TIM_OC2_SetConfig
 .text.TIM_OC3_SetConfig
                0x0000000008005674      0x110 CMakeFiles/MD_Rev1.dir/Drivers/STM32G4xx_HAL_Driver/Src/stm32g4xx_hal_tim.c.obj
 .text.TIM_OC4_SetConfig
                0x0000000008005784      0x114 CMakeFiles/MD_Rev1.dir/Drivers/STM32G4xx_HAL_Driver/Src/stm32g4xx_hal_tim.c.obj
 .text.TIM_OC5_SetConfig
                0x0000000008005898       0xc8 CMakeFiles/MD_Rev1.dir/Drivers/STM32G4xx_HAL_Driver/Src/stm32g4xx_hal_tim.c.obj
 .text.TIM_OC6_SetConfig
                0x0000000008005960       0xcc CMakeFiles/MD_Rev1.dir/Drivers/STM32G4xx_HAL_Driver/Src/stm32g4xx_hal_tim.c.obj
 .text.TIM_SlaveTimer_SetConfig
                0x0000000008005a2c      0x188 CMakeFiles/MD_Rev1.dir/Drivers/STM32G4xx_HAL_Driver/Src/stm32g4xx_hal_tim.c.obj
 .text.TIM_TI1_ConfigInputStage
                0x0000000008005bb4       0x5e CMakeFiles/MD_Rev1.dir/Drivers/STM32G4xx_HAL_Driver/Src/stm32g4xx_hal_tim.c.obj
 .text.TIM_TI2_ConfigInputStage
                0x0000000008005c12       0x60 CMakeFiles/MD_Rev1.dir/Drivers/STM32G4xx_HAL_Driver/Src/stm32g4xx_hal_tim.c.obj
 .text.TIM_ITRx_SetConfig
                0x0000000008005c72       0x3a CMakeFiles/MD_Rev1.dir/Drivers/STM32G4xx_HAL_Driver/Src/stm32g4xx_hal_tim.c.obj
 .text.TIM_ETR_SetConfig
                0x0000000008005cac       0x40 CMakeFiles/MD_Rev1.dir/Drivers/STM32G4xx_HAL_Driver/Src/stm32g4xx_hal_tim.c.obj
                0x0000000008005cac                TIM_ETR_SetConfig
 .text.TIM_CCxChannelCmd
                0x0000000008005cec       0x4a CMakeFiles/MD_Rev1.dir/Drivers/STM32G4xx_HAL_Driver/Src/stm32g4xx_hal_tim.c.obj
                0x0000000008005cec                TIM_CCxChannelCmd
 *fill*         0x0000000008005d36        0x2 
 .text.HAL_TIMEx_MasterConfigSynchronization
                0x0000000008005d38      0x104 CMakeFiles/MD_Rev1.dir/Drivers/STM32G4xx_HAL_Driver/Src/stm32g4xx_hal_tim_ex.c.obj
                0x0000000008005d38                HAL_TIMEx_MasterConfigSynchronization
 .text.HAL_TIMEx_CommutCallback
                0x0000000008005e3c       0x14 CMakeFiles/MD_Rev1.dir/Drivers/STM32G4xx_HAL_Driver/Src/stm32g4xx_hal_tim_ex.c.obj
                0x0000000008005e3c                HAL_TIMEx_CommutCallback
 .text.HAL_TIMEx_BreakCallback
                0x0000000008005e50       0x14 CMakeFiles/MD_Rev1.dir/Drivers/STM32G4xx_HAL_Driver/Src/stm32g4xx_hal_tim_ex.c.obj
                0x0000000008005e50                HAL_TIMEx_BreakCallback
 .text.HAL_TIMEx_Break2Callback
                0x0000000008005e64       0x14 CMakeFiles/MD_Rev1.dir/Drivers/STM32G4xx_HAL_Driver/Src/stm32g4xx_hal_tim_ex.c.obj
                0x0000000008005e64                HAL_TIMEx_Break2Callback
 .text.HAL_TIMEx_EncoderIndexCallback
                0x0000000008005e78       0x14 CMakeFiles/MD_Rev1.dir/Drivers/STM32G4xx_HAL_Driver/Src/stm32g4xx_hal_tim_ex.c.obj
                0x0000000008005e78                HAL_TIMEx_EncoderIndexCallback
 .text.HAL_TIMEx_DirectionChangeCallback
                0x0000000008005e8c       0x14 CMakeFiles/MD_Rev1.dir/Drivers/STM32G4xx_HAL_Driver/Src/stm32g4xx_hal_tim_ex.c.obj
                0x0000000008005e8c                HAL_TIMEx_DirectionChangeCallback
 .text.HAL_TIMEx_IndexErrorCallback
                0x0000000008005ea0       0x14 CMakeFiles/MD_Rev1.dir/Drivers/STM32G4xx_HAL_Driver/Src/stm32g4xx_hal_tim_ex.c.obj
                0x0000000008005ea0                HAL_TIMEx_IndexErrorCallback
 .text.HAL_TIMEx_TransitionErrorCallback
                0x0000000008005eb4       0x14 CMakeFiles/MD_Rev1.dir/Drivers/STM32G4xx_HAL_Driver/Src/stm32g4xx_hal_tim_ex.c.obj
                0x0000000008005eb4                HAL_TIMEx_TransitionErrorCallback
 .text.HAL_UART_Init
                0x0000000008005ec8       0xa0 CMakeFiles/MD_Rev1.dir/Drivers/STM32G4xx_HAL_Driver/Src/stm32g4xx_hal_uart.c.obj
                0x0000000008005ec8                HAL_UART_Init
 .text.HAL_UART_Transmit
                0x0000000008005f68      0x11c CMakeFiles/MD_Rev1.dir/Drivers/STM32G4xx_HAL_Driver/Src/stm32g4xx_hal_uart.c.obj
                0x0000000008005f68                HAL_UART_Transmit
 .text.UART_SetConfig
                0x0000000008006084      0x598 CMakeFiles/MD_Rev1.dir/Drivers/STM32G4xx_HAL_Driver/Src/stm32g4xx_hal_uart.c.obj
                0x0000000008006084                UART_SetConfig
 .text.UART_AdvFeatureConfig
                0x000000000800661c      0x144 CMakeFiles/MD_Rev1.dir/Drivers/STM32G4xx_HAL_Driver/Src/stm32g4xx_hal_uart.c.obj
                0x000000000800661c                UART_AdvFeatureConfig
 .text.UART_CheckIdleState
                0x0000000008006760      0x154 CMakeFiles/MD_Rev1.dir/Drivers/STM32G4xx_HAL_Driver/Src/stm32g4xx_hal_uart.c.obj
                0x0000000008006760                UART_CheckIdleState
 .text.UART_WaitOnFlagUntilTimeout
                0x00000000080068b4       0xda CMakeFiles/MD_Rev1.dir/Drivers/STM32G4xx_HAL_Driver/Src/stm32g4xx_hal_uart.c.obj
                0x00000000080068b4                UART_WaitOnFlagUntilTimeout
 .text.UART_EndRxTransfer
                0x000000000800698e       0xcc CMakeFiles/MD_Rev1.dir/Drivers/STM32G4xx_HAL_Driver/Src/stm32g4xx_hal_uart.c.obj
 .text.HAL_UARTEx_DisableFifoMode
                0x0000000008006a5a       0x72 CMakeFiles/MD_Rev1.dir/Drivers/STM32G4xx_HAL_Driver/Src/stm32g4xx_hal_uart_ex.c.obj
                0x0000000008006a5a                HAL_UARTEx_DisableFifoMode
 .text.HAL_UARTEx_SetTxFifoThreshold
                0x0000000008006acc       0x7c CMakeFiles/MD_Rev1.dir/Drivers/STM32G4xx_HAL_Driver/Src/stm32g4xx_hal_uart_ex.c.obj
                0x0000000008006acc                HAL_UARTEx_SetTxFifoThreshold
 .text.HAL_UARTEx_SetRxFifoThreshold
                0x0000000008006b48       0x7c CMakeFiles/MD_Rev1.dir/Drivers/STM32G4xx_HAL_Driver/Src/stm32g4xx_hal_uart_ex.c.obj
                0x0000000008006b48                HAL_UARTEx_SetRxFifoThreshold
 .text.UARTEx_SetNbDataToProcess
                0x0000000008006bc4       0x9c CMakeFiles/MD_Rev1.dir/Drivers/STM32G4xx_HAL_Driver/Src/stm32g4xx_hal_uart_ex.c.obj
 .text.SystemInit
                0x0000000008006c60       0x24 CMakeFiles/MD_Rev1.dir/Core/Src/system_stm32g4xx.c.obj
                0x0000000008006c60                SystemInit
 .text._sbrk    0x0000000008006c84       0x6c CMakeFiles/MD_Rev1.dir/Core/Src/sysmem.c.obj
                0x0000000008006c84                _sbrk
 .text._read    0x0000000008006cf0       0x3a CMakeFiles/MD_Rev1.dir/Core/Src/syscalls.c.obj
                0x0000000008006cf0                _read
 .text._close   0x0000000008006d2a       0x18 CMakeFiles/MD_Rev1.dir/Core/Src/syscalls.c.obj
                0x0000000008006d2a                _close
 .text._fstat   0x0000000008006d42       0x20 CMakeFiles/MD_Rev1.dir/Core/Src/syscalls.c.obj
                0x0000000008006d42                _fstat
 .text._isatty  0x0000000008006d62       0x16 CMakeFiles/MD_Rev1.dir/Core/Src/syscalls.c.obj
                0x0000000008006d62                _isatty
 .text._lseek   0x0000000008006d78       0x1a CMakeFiles/MD_Rev1.dir/Core/Src/syscalls.c.obj
                0x0000000008006d78                _lseek
 *fill*         0x0000000008006d92        0x2 
 .text.Reset_Handler
                0x0000000008006d94       0x50 CMakeFiles/MD_Rev1.dir/startup_stm32g431xx.s.obj
                0x0000000008006d94                Reset_Handler
 .text.Default_Handler
                0x0000000008006de4        0x2 CMakeFiles/MD_Rev1.dir/startup_stm32g431xx.s.obj
                0x0000000008006de4                COMP4_IRQHandler
                0x0000000008006de4                EXTI2_IRQHandler
                0x0000000008006de4                TIM8_TRG_COM_IRQHandler
                0x0000000008006de4                TIM8_CC_IRQHandler
                0x0000000008006de4                TIM1_CC_IRQHandler
                0x0000000008006de4                USB_HP_IRQHandler
                0x0000000008006de4                CORDIC_IRQHandler
                0x0000000008006de4                EXTI3_IRQHandler
                0x0000000008006de4                I2C3_ER_IRQHandler
                0x0000000008006de4                EXTI0_IRQHandler
                0x0000000008006de4                I2C2_EV_IRQHandler
                0x0000000008006de4                FPU_IRQHandler
                0x0000000008006de4                FDCAN1_IT1_IRQHandler
                0x0000000008006de4                ADC1_2_IRQHandler
                0x0000000008006de4                SPI1_IRQHandler
                0x0000000008006de4                TIM6_DAC_IRQHandler
                0x0000000008006de4                TIM8_UP_IRQHandler
                0x0000000008006de4                DMA2_Channel2_IRQHandler
                0x0000000008006de4                DMA1_Channel4_IRQHandler
                0x0000000008006de4                USART3_IRQHandler
                0x0000000008006de4                TIM4_IRQHandler
                0x0000000008006de4                DMA2_Channel1_IRQHandler
                0x0000000008006de4                I2C1_EV_IRQHandler
                0x0000000008006de4                DMA1_Channel6_IRQHandler
                0x0000000008006de4                UART4_IRQHandler
                0x0000000008006de4                DMA2_Channel4_IRQHandler
                0x0000000008006de4                TIM3_IRQHandler
                0x0000000008006de4                RCC_IRQHandler
                0x0000000008006de4                Default_Handler
                0x0000000008006de4                RTC_TAMP_LSECSS_IRQHandler
                0x0000000008006de4                FMAC_IRQHandler
                0x0000000008006de4                EXTI15_10_IRQHandler
                0x0000000008006de4                TIM7_IRQHandler
                0x0000000008006de4                UCPD1_IRQHandler
                0x0000000008006de4                I2C3_EV_IRQHandler
                0x0000000008006de4                EXTI9_5_IRQHandler
                0x0000000008006de4                RTC_WKUP_IRQHandler
                0x0000000008006de4                PVD_PVM_IRQHandler
                0x0000000008006de4                SPI2_IRQHandler
                0x0000000008006de4                DMA2_Channel5_IRQHandler
                0x0000000008006de4                CRS_IRQHandler
                0x0000000008006de4                DMA1_Channel5_IRQHandler
                0x0000000008006de4                USB_LP_IRQHandler
                0x0000000008006de4                EXTI4_IRQHandler
                0x0000000008006de4                RNG_IRQHandler
                0x0000000008006de4                DMA1_Channel3_IRQHandler
                0x0000000008006de4                WWDG_IRQHandler
                0x0000000008006de4                LPUART1_IRQHandler
                0x0000000008006de4                DMA2_Channel6_IRQHandler
                0x0000000008006de4                FDCAN1_IT0_IRQHandler
                0x0000000008006de4                TIM2_IRQHandler
                0x0000000008006de4                COMP1_2_3_IRQHandler
                0x0000000008006de4                EXTI1_IRQHandler
                0x0000000008006de4                USART2_IRQHandler
                0x0000000008006de4                I2C2_ER_IRQHandler
                0x0000000008006de4                TIM8_BRK_IRQHandler
                0x0000000008006de4                FLASH_IRQHandler
                0x0000000008006de4                USART1_IRQHandler
                0x0000000008006de4                SPI3_IRQHandler
                0x0000000008006de4                I2C1_ER_IRQHandler
                0x0000000008006de4                LPTIM1_IRQHandler
                0x0000000008006de4                DMAMUX_OVR_IRQHandler
                0x0000000008006de4                USBWakeUp_IRQHandler
                0x0000000008006de4                SAI1_IRQHandler
                0x0000000008006de4                DMA2_Channel3_IRQHandler
                0x0000000008006de4                RTC_Alarm_IRQHandler
 *fill*         0x0000000008006de6        0x2 
 .text.__errno  0x0000000008006de8        0xc /opt/homebrew/Cellar/arm-none-eabi-gcc/10.3-2021.10/gcc/bin/../lib/gcc/arm-none-eabi/10.3.1/../../../../arm-none-eabi/lib/thumb/v7e-m+fp/hard/libg_nano.a(lib_a-errno.o)
                0x0000000008006de8                __errno
 .text._puts_r  0x0000000008006df4       0xdc /opt/homebrew/Cellar/arm-none-eabi-gcc/10.3-2021.10/gcc/bin/../lib/gcc/arm-none-eabi/10.3.1/../../../../arm-none-eabi/lib/thumb/v7e-m+fp/hard/libg_nano.a(lib_a-puts.o)
                0x0000000008006df4                _puts_r
 .text.puts     0x0000000008006ed0       0x10 /opt/homebrew/Cellar/arm-none-eabi-gcc/10.3-2021.10/gcc/bin/../lib/gcc/arm-none-eabi/10.3.1/../../../../arm-none-eabi/lib/thumb/v7e-m+fp/hard/libg_nano.a(lib_a-puts.o)
                0x0000000008006ed0                puts
 .text.setbuf   0x0000000008006ee0       0x10 /opt/homebrew/Cellar/arm-none-eabi-gcc/10.3-2021.10/gcc/bin/../lib/gcc/arm-none-eabi/10.3.1/../../../../arm-none-eabi/lib/thumb/v7e-m+fp/hard/libg_nano.a(lib_a-setbuf.o)
                0x0000000008006ee0                setbuf
 .text.setvbuf  0x0000000008006ef0      0x18c /opt/homebrew/Cellar/arm-none-eabi-gcc/10.3-2021.10/gcc/bin/../lib/gcc/arm-none-eabi/10.3.1/../../../../arm-none-eabi/lib/thumb/v7e-m+fp/hard/libg_nano.a(lib_a-setvbuf.o)
                0x0000000008006ef0                setvbuf
 .text.__swbuf_r
                0x000000000800707c       0xa4 /opt/homebrew/Cellar/arm-none-eabi-gcc/10.3-2021.10/gcc/bin/../lib/gcc/arm-none-eabi/10.3.1/../../../../arm-none-eabi/lib/thumb/v7e-m+fp/hard/libg_nano.a(lib_a-wbuf.o)
                0x000000000800707c                __swbuf_r
 .text.__swsetup_r
                0x0000000008007120       0xdc /opt/homebrew/Cellar/arm-none-eabi-gcc/10.3-2021.10/gcc/bin/../lib/gcc/arm-none-eabi/10.3.1/../../../../arm-none-eabi/lib/thumb/v7e-m+fp/hard/libg_nano.a(lib_a-wsetup.o)
                0x0000000008007120                __swsetup_r
 .text.__sflush_r
                0x00000000080071fc      0x10c /opt/homebrew/Cellar/arm-none-eabi-gcc/10.3-2021.10/gcc/bin/../lib/gcc/arm-none-eabi/10.3.1/../../../../arm-none-eabi/lib/thumb/v7e-m+fp/hard/libg_nano.a(lib_a-fflush.o)
                0x00000000080071fc                __sflush_r
 .text._fflush_r
                0x0000000008007308       0x78 /opt/homebrew/Cellar/arm-none-eabi-gcc/10.3-2021.10/gcc/bin/../lib/gcc/arm-none-eabi/10.3.1/../../../../arm-none-eabi/lib/thumb/v7e-m+fp/hard/libg_nano.a(lib_a-fflush.o)
                0x0000000008007308                _fflush_r
 .text.std      0x0000000008007380       0x48 /opt/homebrew/Cellar/arm-none-eabi-gcc/10.3-2021.10/gcc/bin/../lib/gcc/arm-none-eabi/10.3.1/../../../../arm-none-eabi/lib/thumb/v7e-m+fp/hard/libg_nano.a(lib_a-findfp.o)
 .text._cleanup_r
                0x00000000080073c8        0xc /opt/homebrew/Cellar/arm-none-eabi-gcc/10.3-2021.10/gcc/bin/../lib/gcc/arm-none-eabi/10.3.1/../../../../arm-none-eabi/lib/thumb/v7e-m+fp/hard/libg_nano.a(lib_a-findfp.o)
                0x00000000080073c8                _cleanup_r
 .text.__sfmoreglue
                0x00000000080073d4       0x2c /opt/homebrew/Cellar/arm-none-eabi-gcc/10.3-2021.10/gcc/bin/../lib/gcc/arm-none-eabi/10.3.1/../../../../arm-none-eabi/lib/thumb/v7e-m+fp/hard/libg_nano.a(lib_a-findfp.o)
                0x00000000080073d4                __sfmoreglue
 .text.__sfp_lock_acquire
                0x0000000008007400        0xc /opt/homebrew/Cellar/arm-none-eabi-gcc/10.3-2021.10/gcc/bin/../lib/gcc/arm-none-eabi/10.3.1/../../../../arm-none-eabi/lib/thumb/v7e-m+fp/hard/libg_nano.a(lib_a-findfp.o)
                0x0000000008007400                __sfp_lock_acquire
 .text.__sfp_lock_release
                0x000000000800740c        0xc /opt/homebrew/Cellar/arm-none-eabi-gcc/10.3-2021.10/gcc/bin/../lib/gcc/arm-none-eabi/10.3.1/../../../../arm-none-eabi/lib/thumb/v7e-m+fp/hard/libg_nano.a(lib_a-findfp.o)
                0x000000000800740c                __sfp_lock_release
 .text.__sinit_lock_acquire
                0x0000000008007418        0xc /opt/homebrew/Cellar/arm-none-eabi-gcc/10.3-2021.10/gcc/bin/../lib/gcc/arm-none-eabi/10.3.1/../../../../arm-none-eabi/lib/thumb/v7e-m+fp/hard/libg_nano.a(lib_a-findfp.o)
                0x0000000008007418                __sinit_lock_acquire
 .text.__sinit_lock_release
                0x0000000008007424        0xc /opt/homebrew/Cellar/arm-none-eabi-gcc/10.3-2021.10/gcc/bin/../lib/gcc/arm-none-eabi/10.3.1/../../../../arm-none-eabi/lib/thumb/v7e-m+fp/hard/libg_nano.a(lib_a-findfp.o)
                0x0000000008007424                __sinit_lock_release
 .text.__sinit  0x0000000008007430       0x70 /opt/homebrew/Cellar/arm-none-eabi-gcc/10.3-2021.10/gcc/bin/../lib/gcc/arm-none-eabi/10.3.1/../../../../arm-none-eabi/lib/thumb/v7e-m+fp/hard/libg_nano.a(lib_a-findfp.o)
                0x0000000008007430                __sinit
 .text.__sfp    0x00000000080074a0       0x8c /opt/homebrew/Cellar/arm-none-eabi-gcc/10.3-2021.10/gcc/bin/../lib/gcc/arm-none-eabi/10.3.1/../../../../arm-none-eabi/lib/thumb/v7e-m+fp/hard/libg_nano.a(lib_a-findfp.o)
                0x00000000080074a0                __sfp
 .text._fwalk_reent
                0x000000000800752c       0x3e /opt/homebrew/Cellar/arm-none-eabi-gcc/10.3-2021.10/gcc/bin/../lib/gcc/arm-none-eabi/10.3.1/../../../../arm-none-eabi/lib/thumb/v7e-m+fp/hard/libg_nano.a(lib_a-fwalk.o)
                0x000000000800752c                _fwalk_reent
 .text.__retarget_lock_init_recursive
                0x000000000800756a        0x2 /opt/homebrew/Cellar/arm-none-eabi-gcc/10.3-2021.10/gcc/bin/../lib/gcc/arm-none-eabi/10.3.1/../../../../arm-none-eabi/lib/thumb/v7e-m+fp/hard/libg_nano.a(lib_a-lock.o)
                0x000000000800756a                __retarget_lock_init_recursive
 .text.__retarget_lock_acquire_recursive
                0x000000000800756c        0x2 /opt/homebrew/Cellar/arm-none-eabi-gcc/10.3-2021.10/gcc/bin/../lib/gcc/arm-none-eabi/10.3.1/../../../../arm-none-eabi/lib/thumb/v7e-m+fp/hard/libg_nano.a(lib_a-lock.o)
                0x000000000800756c                __retarget_lock_acquire_recursive
 .text.__retarget_lock_release_recursive
                0x000000000800756e        0x2 /opt/homebrew/Cellar/arm-none-eabi-gcc/10.3-2021.10/gcc/bin/../lib/gcc/arm-none-eabi/10.3.1/../../../../arm-none-eabi/lib/thumb/v7e-m+fp/hard/libg_nano.a(lib_a-lock.o)
                0x000000000800756e                __retarget_lock_release_recursive
 .text.__swhatbuf_r
                0x0000000008007570       0x4a /opt/homebrew/Cellar/arm-none-eabi-gcc/10.3-2021.10/gcc/bin/../lib/gcc/arm-none-eabi/10.3.1/../../../../arm-none-eabi/lib/thumb/v7e-m+fp/hard/libg_nano.a(lib_a-makebuf.o)
                0x0000000008007570                __swhatbuf_r
 *fill*         0x00000000080075ba        0x2 
 .text.__smakebuf_r
                0x00000000080075bc       0x80 /opt/homebrew/Cellar/arm-none-eabi-gcc/10.3-2021.10/gcc/bin/../lib/gcc/arm-none-eabi/10.3.1/../../../../arm-none-eabi/lib/thumb/v7e-m+fp/hard/libg_nano.a(lib_a-makebuf.o)
                0x00000000080075bc                __smakebuf_r
 .text.malloc   0x000000000800763c       0x10 /opt/homebrew/Cellar/arm-none-eabi-gcc/10.3-2021.10/gcc/bin/../lib/gcc/arm-none-eabi/10.3.1/../../../../arm-none-eabi/lib/thumb/v7e-m+fp/hard/libg_nano.a(lib_a-malloc.o)
                0x000000000800763c                malloc
 .text._free_r  0x000000000800764c       0x98 /opt/homebrew/Cellar/arm-none-eabi-gcc/10.3-2021.10/gcc/bin/../lib/gcc/arm-none-eabi/10.3.1/../../../../arm-none-eabi/lib/thumb/v7e-m+fp/hard/libg_nano.a(lib_a-nano-freer.o)
                0x000000000800764c                _free_r
 .text.sbrk_aligned
                0x00000000080076e4       0x40 /opt/homebrew/Cellar/arm-none-eabi-gcc/10.3-2021.10/gcc/bin/../lib/gcc/arm-none-eabi/10.3.1/../../../../arm-none-eabi/lib/thumb/v7e-m+fp/hard/libg_nano.a(lib_a-nano-mallocr.o)
 .text._malloc_r
                0x0000000008007724       0xe8 /opt/homebrew/Cellar/arm-none-eabi-gcc/10.3-2021.10/gcc/bin/../lib/gcc/arm-none-eabi/10.3.1/../../../../arm-none-eabi/lib/thumb/v7e-m+fp/hard/libg_nano.a(lib_a-nano-mallocr.o)
                0x0000000008007724                _malloc_r
 .text._sbrk_r  0x000000000800780c       0x20 /opt/homebrew/Cellar/arm-none-eabi-gcc/10.3-2021.10/gcc/bin/../lib/gcc/arm-none-eabi/10.3.1/../../../../arm-none-eabi/lib/thumb/v7e-m+fp/hard/libg_nano.a(lib_a-sbrkr.o)
                0x000000000800780c                _sbrk_r
 .text.__sread  0x000000000800782c       0x22 /opt/homebrew/Cellar/arm-none-eabi-gcc/10.3-2021.10/gcc/bin/../lib/gcc/arm-none-eabi/10.3.1/../../../../arm-none-eabi/lib/thumb/v7e-m+fp/hard/libg_nano.a(lib_a-stdio.o)
                0x000000000800782c                __sread
 .text.__swrite
                0x000000000800784e       0x38 /opt/homebrew/Cellar/arm-none-eabi-gcc/10.3-2021.10/gcc/bin/../lib/gcc/arm-none-eabi/10.3.1/../../../../arm-none-eabi/lib/thumb/v7e-m+fp/hard/libg_nano.a(lib_a-stdio.o)
                0x000000000800784e                __swrite
 .text.__sseek  0x0000000008007886       0x24 /opt/homebrew/Cellar/arm-none-eabi-gcc/10.3-2021.10/gcc/bin/../lib/gcc/arm-none-eabi/10.3.1/../../../../arm-none-eabi/lib/thumb/v7e-m+fp/hard/libg_nano.a(lib_a-stdio.o)
                0x0000000008007886                __sseek
 .text.__sclose
                0x00000000080078aa        0x8 /opt/homebrew/Cellar/arm-none-eabi-gcc/10.3-2021.10/gcc/bin/../lib/gcc/arm-none-eabi/10.3.1/../../../../arm-none-eabi/lib/thumb/v7e-m+fp/hard/libg_nano.a(lib_a-stdio.o)
                0x00000000080078aa                __sclose
 *fill*         0x00000000080078b2        0x2 
 .text._write_r
                0x00000000080078b4       0x24 /opt/homebrew/Cellar/arm-none-eabi-gcc/10.3-2021.10/gcc/bin/../lib/gcc/arm-none-eabi/10.3.1/../../../../arm-none-eabi/lib/thumb/v7e-m+fp/hard/libg_nano.a(lib_a-writer.o)
                0x00000000080078b4                _write_r
 .text._close_r
                0x00000000080078d8       0x20 /opt/homebrew/Cellar/arm-none-eabi-gcc/10.3-2021.10/gcc/bin/../lib/gcc/arm-none-eabi/10.3.1/../../../../arm-none-eabi/lib/thumb/v7e-m+fp/hard/libg_nano.a(lib_a-closer.o)
                0x00000000080078d8                _close_r
 .text._fstat_r
                0x00000000080078f8       0x24 /opt/homebrew/Cellar/arm-none-eabi-gcc/10.3-2021.10/gcc/bin/../lib/gcc/arm-none-eabi/10.3.1/../../../../arm-none-eabi/lib/thumb/v7e-m+fp/hard/libg_nano.a(lib_a-fstatr.o)
                0x00000000080078f8                _fstat_r
 .text._isatty_r
                0x000000000800791c       0x20 /opt/homebrew/Cellar/arm-none-eabi-gcc/10.3-2021.10/gcc/bin/../lib/gcc/arm-none-eabi/10.3.1/../../../../arm-none-eabi/lib/thumb/v7e-m+fp/hard/libg_nano.a(lib_a-isattyr.o)
                0x000000000800791c                _isatty_r
 .text._lseek_r
                0x000000000800793c       0x24 /opt/homebrew/Cellar/arm-none-eabi-gcc/10.3-2021.10/gcc/bin/../lib/gcc/arm-none-eabi/10.3.1/../../../../arm-none-eabi/lib/thumb/v7e-m+fp/hard/libg_nano.a(lib_a-lseekr.o)
                0x000000000800793c                _lseek_r
 .text.__malloc_lock
                0x0000000008007960        0xc /opt/homebrew/Cellar/arm-none-eabi-gcc/10.3-2021.10/gcc/bin/../lib/gcc/arm-none-eabi/10.3.1/../../../../arm-none-eabi/lib/thumb/v7e-m+fp/hard/libg_nano.a(lib_a-mlock.o)
                0x0000000008007960                __malloc_lock
 .text.__malloc_unlock
                0x000000000800796c        0xc /opt/homebrew/Cellar/arm-none-eabi-gcc/10.3-2021.10/gcc/bin/../lib/gcc/arm-none-eabi/10.3.1/../../../../arm-none-eabi/lib/thumb/v7e-m+fp/hard/libg_nano.a(lib_a-mlock.o)
                0x000000000800796c                __malloc_unlock
 .text._read_r  0x0000000008007978       0x24 /opt/homebrew/Cellar/arm-none-eabi-gcc/10.3-2021.10/gcc/bin/../lib/gcc/arm-none-eabi/10.3.1/../../../../arm-none-eabi/lib/thumb/v7e-m+fp/hard/libg_nano.a(lib_a-readr.o)
                0x0000000008007978                _read_r
 *(.glue_7)
 .glue_7        0x000000000800799c        0x0 linker stubs
 *(.glue_7t)
 .glue_7t       0x000000000800799c        0x0 linker stubs
 *(.eh_frame)
 .eh_frame      0x000000000800799c        0x0 /opt/homebrew/Cellar/arm-none-eabi-gcc/10.3-2021.10/gcc/bin/../lib/gcc/arm-none-eabi/10.3.1/thumb/v7e-m+fp/hard/crtbegin.o
 *(.init)
 .init          0x000000000800799c        0x4 /opt/homebrew/Cellar/arm-none-eabi-gcc/10.3-2021.10/gcc/bin/../lib/gcc/arm-none-eabi/10.3.1/thumb/v7e-m+fp/hard/crti.o
                0x000000000800799c                _init
 .init          0x00000000080079a0        0x8 /opt/homebrew/Cellar/arm-none-eabi-gcc/10.3-2021.10/gcc/bin/../lib/gcc/arm-none-eabi/10.3.1/thumb/v7e-m+fp/hard/crtn.o
 *(.fini)
 .fini          0x00000000080079a8        0x4 /opt/homebrew/Cellar/arm-none-eabi-gcc/10.3-2021.10/gcc/bin/../lib/gcc/arm-none-eabi/10.3.1/thumb/v7e-m+fp/hard/crti.o
                0x00000000080079a8                _fini
 .fini          0x00000000080079ac        0x8 /opt/homebrew/Cellar/arm-none-eabi-gcc/10.3-2021.10/gcc/bin/../lib/gcc/arm-none-eabi/10.3.1/thumb/v7e-m+fp/hard/crtn.o
                0x00000000080079b4                . = ALIGN (0x4)
                0x00000000080079b4                _etext = .

.vfp11_veneer   0x00000000080079b4        0x0
 .vfp11_veneer  0x00000000080079b4        0x0 linker stubs

.v4_bx          0x00000000080079b4        0x0
 .v4_bx         0x00000000080079b4        0x0 linker stubs

.iplt           0x00000000080079b4        0x0
 .iplt          0x00000000080079b4        0x0 /opt/homebrew/Cellar/arm-none-eabi-gcc/10.3-2021.10/gcc/bin/../lib/gcc/arm-none-eabi/10.3.1/thumb/v7e-m+fp/hard/crtbegin.o

.rodata         0x00000000080079b4       0xb4
                0x00000000080079b4                . = ALIGN (0x4)
 *(.rodata)
 .rodata        0x00000000080079b4        0xe CMakeFiles/MD_Rev1.dir/Core/Src/main.c.obj
 *(.rodata*)
 *fill*         0x00000000080079c2        0x2 
 .rodata._global_impure_ptr
                0x00000000080079c4        0x4 /opt/homebrew/Cellar/arm-none-eabi-gcc/10.3-2021.10/gcc/bin/../lib/gcc/arm-none-eabi/10.3.1/../../../../arm-none-eabi/lib/thumb/v7e-m+fp/hard/libc_nano.a(lib_a-impure.o)
                0x00000000080079c4                _global_impure_ptr
 .rodata.UARTPrescTable
                0x00000000080079c8       0x18 CMakeFiles/MD_Rev1.dir/Drivers/STM32G4xx_HAL_Driver/Src/stm32g4xx_hal_uart.c.obj
                0x00000000080079c8                UARTPrescTable
 .rodata.numerator.1
                0x00000000080079e0        0x8 CMakeFiles/MD_Rev1.dir/Drivers/STM32G4xx_HAL_Driver/Src/stm32g4xx_hal_uart_ex.c.obj
 .rodata.denominator.0
                0x00000000080079e8        0x8 CMakeFiles/MD_Rev1.dir/Drivers/STM32G4xx_HAL_Driver/Src/stm32g4xx_hal_uart_ex.c.obj
 .rodata.AHBPrescTable
                0x00000000080079f0       0x10 CMakeFiles/MD_Rev1.dir/Core/Src/system_stm32g4xx.c.obj
                0x00000000080079f0                AHBPrescTable
 .rodata.APBPrescTable
                0x0000000008007a00        0x8 CMakeFiles/MD_Rev1.dir/Core/Src/system_stm32g4xx.c.obj
                0x0000000008007a00                APBPrescTable
 .rodata.__sf_fake_stderr
                0x0000000008007a08       0x20 /opt/homebrew/Cellar/arm-none-eabi-gcc/10.3-2021.10/gcc/bin/../lib/gcc/arm-none-eabi/10.3.1/../../../../arm-none-eabi/lib/thumb/v7e-m+fp/hard/libg_nano.a(lib_a-findfp.o)
                0x0000000008007a08                __sf_fake_stderr
 .rodata.__sf_fake_stdin
                0x0000000008007a28       0x20 /opt/homebrew/Cellar/arm-none-eabi-gcc/10.3-2021.10/gcc/bin/../lib/gcc/arm-none-eabi/10.3.1/../../../../arm-none-eabi/lib/thumb/v7e-m+fp/hard/libg_nano.a(lib_a-findfp.o)
                0x0000000008007a28                __sf_fake_stdin
 .rodata.__sf_fake_stdout
                0x0000000008007a48       0x20 /opt/homebrew/Cellar/arm-none-eabi-gcc/10.3-2021.10/gcc/bin/../lib/gcc/arm-none-eabi/10.3.1/../../../../arm-none-eabi/lib/thumb/v7e-m+fp/hard/libg_nano.a(lib_a-findfp.o)
                0x0000000008007a48                __sf_fake_stdout
                0x0000000008007a68                . = ALIGN (0x4)

.ARM.extab
 *(.ARM.extab* .gnu.linkonce.armextab.*)

.ARM            0x0000000008007a68        0x8
                0x0000000008007a68                __exidx_start = .
 *(.ARM.exidx*)
 .ARM.exidx     0x0000000008007a68        0x8 /opt/homebrew/Cellar/arm-none-eabi-gcc/10.3-2021.10/gcc/bin/../lib/gcc/arm-none-eabi/10.3.1/thumb/v7e-m+fp/hard/libgcc.a(_udivmoddi4.o)
                0x0000000008007a70                __exidx_end = .

.rel.dyn        0x0000000008007a70        0x0
 .rel.iplt      0x0000000008007a70        0x0 /opt/homebrew/Cellar/arm-none-eabi-gcc/10.3-2021.10/gcc/bin/../lib/gcc/arm-none-eabi/10.3.1/thumb/v7e-m+fp/hard/crtbegin.o

.preinit_array  0x0000000008007a70        0x0
                0x0000000008007a70                PROVIDE (__preinit_array_start = .)
 *(.preinit_array*)
                0x0000000008007a70                PROVIDE (__preinit_array_end = .)

.init_array     0x0000000008007a70        0x4
                0x0000000008007a70                PROVIDE (__init_array_start = .)
 *(SORT_BY_NAME(.init_array.*))
 *(.init_array*)
 .init_array    0x0000000008007a70        0x4 /opt/homebrew/Cellar/arm-none-eabi-gcc/10.3-2021.10/gcc/bin/../lib/gcc/arm-none-eabi/10.3.1/thumb/v7e-m+fp/hard/crtbegin.o
                0x0000000008007a74                PROVIDE (__init_array_end = .)

.fini_array     0x0000000008007a74        0x4
                [!provide]                        PROVIDE (__fini_array_start = .)
 *(SORT_BY_NAME(.fini_array.*))
 *(.fini_array*)
 .fini_array    0x0000000008007a74        0x4 /opt/homebrew/Cellar/arm-none-eabi-gcc/10.3-2021.10/gcc/bin/../lib/gcc/arm-none-eabi/10.3.1/thumb/v7e-m+fp/hard/crtbegin.o
                [!provide]                        PROVIDE (__fini_array_end = .)
                0x0000000008007a78                _sidata = LOADADDR (.data)

.data           0x0000000020000000       0x70 load address 0x0000000008007a78
                0x0000000020000000                . = ALIGN (0x4)
                0x0000000020000000                _sdata = .
 *(.data)
 *(.data*)
 .data._impure_ptr
                0x0000000020000000        0x4 /opt/homebrew/Cellar/arm-none-eabi-gcc/10.3-2021.10/gcc/bin/../lib/gcc/arm-none-eabi/10.3.1/../../../../arm-none-eabi/lib/thumb/v7e-m+fp/hard/libc_nano.a(lib_a-impure.o)
                0x0000000020000000                _impure_ptr
 .data.impure_data
                0x0000000020000004       0x60 /opt/homebrew/Cellar/arm-none-eabi-gcc/10.3-2021.10/gcc/bin/../lib/gcc/arm-none-eabi/10.3.1/../../../../arm-none-eabi/lib/thumb/v7e-m+fp/hard/libc_nano.a(lib_a-impure.o)
 .data.uwTickPrio
                0x0000000020000064        0x4 CMakeFiles/MD_Rev1.dir/Drivers/STM32G4xx_HAL_Driver/Src/stm32g4xx_hal.c.obj
                0x0000000020000064                uwTickPrio
 .data.uwTickFreq
                0x0000000020000068        0x4 CMakeFiles/MD_Rev1.dir/Drivers/STM32G4xx_HAL_Driver/Src/stm32g4xx_hal.c.obj
                0x0000000020000068                uwTickFreq
 .data.SystemCoreClock
                0x000000002000006c        0x4 CMakeFiles/MD_Rev1.dir/Core/Src/system_stm32g4xx.c.obj
                0x000000002000006c                SystemCoreClock
                0x0000000020000070                . = ALIGN (0x4)
                0x0000000020000070                _edata = .

.igot.plt       0x0000000020000070        0x0 load address 0x0000000008007ae8
 .igot.plt      0x0000000020000070        0x0 /opt/homebrew/Cellar/arm-none-eabi-gcc/10.3-2021.10/gcc/bin/../lib/gcc/arm-none-eabi/10.3.1/thumb/v7e-m+fp/hard/crtbegin.o
                0x0000000020000070                . = ALIGN (0x4)

.bss            0x0000000020000070      0x4b4 load address 0x0000000008007ae8
                0x0000000020000070                _sbss = .
                0x0000000020000070                __bss_start__ = _sbss
 *(.bss)
 .bss           0x0000000020000070       0x1c /opt/homebrew/Cellar/arm-none-eabi-gcc/10.3-2021.10/gcc/bin/../lib/gcc/arm-none-eabi/10.3.1/thumb/v7e-m+fp/hard/crtbegin.o
 *(.bss*)
 .bss.adc1_value
                0x000000002000008c        0x8 CMakeFiles/MD_Rev1.dir/Core/Src/main.c.obj
                0x000000002000008c                adc1_value
 .bss.adc2_value
                0x0000000020000094        0x8 CMakeFiles/MD_Rev1.dir/Core/Src/main.c.obj
                0x0000000020000094                adc2_value
 .bss.hadc1     0x000000002000009c       0x6c CMakeFiles/MD_Rev1.dir/Core/Src/adc.c.obj
                0x000000002000009c                hadc1
 .bss.hadc2     0x0000000020000108       0x6c CMakeFiles/MD_Rev1.dir/Core/Src/adc.c.obj
                0x0000000020000108                hadc2
 .bss.hdma_adc1
                0x0000000020000174       0x60 CMakeFiles/MD_Rev1.dir/Core/Src/adc.c.obj
                0x0000000020000174                hdma_adc1
 .bss.hdma_adc2
                0x00000000200001d4       0x60 CMakeFiles/MD_Rev1.dir/Core/Src/adc.c.obj
                0x00000000200001d4                hdma_adc2
 .bss.HAL_RCC_ADC12_CLK_ENABLED
                0x0000000020000234        0x4 CMakeFiles/MD_Rev1.dir/Core/Src/adc.c.obj
 .bss.hopamp1   0x0000000020000238       0x3c CMakeFiles/MD_Rev1.dir/Core/Src/opamp.c.obj
                0x0000000020000238                hopamp1
 .bss.hopamp2   0x0000000020000274       0x3c CMakeFiles/MD_Rev1.dir/Core/Src/opamp.c.obj
                0x0000000020000274                hopamp2
 .bss.htim2     0x00000000200002b0       0x4c CMakeFiles/MD_Rev1.dir/Core/Src/tim.c.obj
                0x00000000200002b0                htim2
 .bss.htim3     0x00000000200002fc       0x4c CMakeFiles/MD_Rev1.dir/Core/Src/tim.c.obj
                0x00000000200002fc                htim3
 .bss.htim4     0x0000000020000348       0x4c CMakeFiles/MD_Rev1.dir/Core/Src/tim.c.obj
                0x0000000020000348                htim4
 .bss.htim15    0x0000000020000394       0x4c CMakeFiles/MD_Rev1.dir/Core/Src/tim.c.obj
                0x0000000020000394                htim15
 .bss.htim16    0x00000000200003e0       0x4c CMakeFiles/MD_Rev1.dir/Core/Src/tim.c.obj
                0x00000000200003e0                htim16
 .bss.htim17    0x000000002000042c       0x4c CMakeFiles/MD_Rev1.dir/Core/Src/tim.c.obj
                0x000000002000042c                htim17
 .bss.huart1    0x0000000020000478       0x94 CMakeFiles/MD_Rev1.dir/Core/Src/usart.c.obj
                0x0000000020000478                huart1
 .bss.uwTick    0x000000002000050c        0x4 CMakeFiles/MD_Rev1.dir/Drivers/STM32G4xx_HAL_Driver/Src/stm32g4xx_hal.c.obj
                0x000000002000050c                uwTick
 .bss.__sbrk_heap_end
                0x0000000020000510        0x4 CMakeFiles/MD_Rev1.dir/Core/Src/sysmem.c.obj
 .bss.__lock___malloc_recursive_mutex
                0x0000000020000514        0x1 /opt/homebrew/Cellar/arm-none-eabi-gcc/10.3-2021.10/gcc/bin/../lib/gcc/arm-none-eabi/10.3.1/../../../../arm-none-eabi/lib/thumb/v7e-m+fp/hard/libg_nano.a(lib_a-lock.o)
                0x0000000020000514                __lock___malloc_recursive_mutex
 .bss.__lock___sfp_recursive_mutex
                0x0000000020000515        0x1 /opt/homebrew/Cellar/arm-none-eabi-gcc/10.3-2021.10/gcc/bin/../lib/gcc/arm-none-eabi/10.3.1/../../../../arm-none-eabi/lib/thumb/v7e-m+fp/hard/libg_nano.a(lib_a-lock.o)
                0x0000000020000515                __lock___sfp_recursive_mutex
 .bss.__lock___sinit_recursive_mutex
                0x0000000020000516        0x1 /opt/homebrew/Cellar/arm-none-eabi-gcc/10.3-2021.10/gcc/bin/../lib/gcc/arm-none-eabi/10.3.1/../../../../arm-none-eabi/lib/thumb/v7e-m+fp/hard/libg_nano.a(lib_a-lock.o)
                0x0000000020000516                __lock___sinit_recursive_mutex
 *fill*         0x0000000020000517        0x1 
 .bss.__malloc_free_list
                0x0000000020000518        0x4 /opt/homebrew/Cellar/arm-none-eabi-gcc/10.3-2021.10/gcc/bin/../lib/gcc/arm-none-eabi/10.3.1/../../../../arm-none-eabi/lib/thumb/v7e-m+fp/hard/libg_nano.a(lib_a-nano-mallocr.o)
                0x0000000020000518                __malloc_free_list
 .bss.__malloc_sbrk_start
                0x000000002000051c        0x4 /opt/homebrew/Cellar/arm-none-eabi-gcc/10.3-2021.10/gcc/bin/../lib/gcc/arm-none-eabi/10.3.1/../../../../arm-none-eabi/lib/thumb/v7e-m+fp/hard/libg_nano.a(lib_a-nano-mallocr.o)
                0x000000002000051c                __malloc_sbrk_start
 .bss.errno     0x0000000020000520        0x4 /opt/homebrew/Cellar/arm-none-eabi-gcc/10.3-2021.10/gcc/bin/../lib/gcc/arm-none-eabi/10.3.1/../../../../arm-none-eabi/lib/thumb/v7e-m+fp/hard/libg_nano.a(lib_a-reent.o)
                0x0000000020000520                errno
 *(COMMON)
                0x0000000020000524                . = ALIGN (0x4)
                0x0000000020000524                _ebss = .
                0x0000000020000524                __bss_end__ = _ebss

._user_heap_stack
                0x0000000020000524      0x604 load address 0x0000000008007ae8
                0x0000000020000528                . = ALIGN (0x8)
 *fill*         0x0000000020000524        0x4 
                [!provide]                        PROVIDE (end = .)
                0x0000000020000528                PROVIDE (_end = .)
                0x0000000020000728                . = (. + _Min_Heap_Size)
 *fill*         0x0000000020000528      0x200 
                0x0000000020000b28                . = (. + _Min_Stack_Size)
 *fill*         0x0000000020000728      0x400 
                0x0000000020000b28                . = ALIGN (0x8)

/DISCARD/
 libc.a(*)
 libm.a(*)
 libgcc.a(*)

.ARM.attributes
                0x0000000000000000       0x30
 *(.ARM.attributes)
 .ARM.attributes
                0x0000000000000000       0x1e /opt/homebrew/Cellar/arm-none-eabi-gcc/10.3-2021.10/gcc/bin/../lib/gcc/arm-none-eabi/10.3.1/thumb/v7e-m+fp/hard/crti.o
 .ARM.attributes
                0x000000000000001e       0x34 /opt/homebrew/Cellar/arm-none-eabi-gcc/10.3-2021.10/gcc/bin/../lib/gcc/arm-none-eabi/10.3.1/thumb/v7e-m+fp/hard/crtbegin.o
 .ARM.attributes
                0x0000000000000052       0x34 /opt/homebrew/Cellar/arm-none-eabi-gcc/10.3-2021.10/gcc/bin/../lib/gcc/arm-none-eabi/10.3.1/../../../../arm-none-eabi/lib/thumb/v7e-m+fp/hard/libc_nano.a(lib_a-impure.o)
 .ARM.attributes
                0x0000000000000086       0x34 /opt/homebrew/Cellar/arm-none-eabi-gcc/10.3-2021.10/gcc/bin/../lib/gcc/arm-none-eabi/10.3.1/../../../../arm-none-eabi/lib/thumb/v7e-m+fp/hard/libc_nano.a(lib_a-init.o)
 .ARM.attributes
                0x00000000000000ba       0x34 /opt/homebrew/Cellar/arm-none-eabi-gcc/10.3-2021.10/gcc/bin/../lib/gcc/arm-none-eabi/10.3.1/../../../../arm-none-eabi/lib/thumb/v7e-m+fp/hard/libc_nano.a(lib_a-memset.o)
 .ARM.attributes
                0x00000000000000ee       0x34 CMakeFiles/MD_Rev1.dir/Core/Src/main.c.obj
 .ARM.attributes
                0x0000000000000122       0x34 CMakeFiles/MD_Rev1.dir/Core/Src/gpio.c.obj
 .ARM.attributes
                0x0000000000000156       0x34 CMakeFiles/MD_Rev1.dir/Core/Src/adc.c.obj
 .ARM.attributes
                0x000000000000018a       0x34 CMakeFiles/MD_Rev1.dir/Core/Src/dma.c.obj
 .ARM.attributes
                0x00000000000001be       0x34 CMakeFiles/MD_Rev1.dir/Core/Src/opamp.c.obj
 .ARM.attributes
                0x00000000000001f2       0x34 CMakeFiles/MD_Rev1.dir/Core/Src/tim.c.obj
 .ARM.attributes
                0x0000000000000226       0x34 CMakeFiles/MD_Rev1.dir/Core/Src/usart.c.obj
 .ARM.attributes
                0x000000000000025a       0x34 CMakeFiles/MD_Rev1.dir/Core/Src/stm32g4xx_it.c.obj
 .ARM.attributes
                0x000000000000028e       0x34 CMakeFiles/MD_Rev1.dir/Core/Src/stm32g4xx_hal_msp.c.obj
 .ARM.attributes
                0x00000000000002c2       0x34 CMakeFiles/MD_Rev1.dir/Drivers/STM32G4xx_HAL_Driver/Src/stm32g4xx_hal_adc.c.obj
 .ARM.attributes
                0x00000000000002f6       0x34 CMakeFiles/MD_Rev1.dir/Drivers/STM32G4xx_HAL_Driver/Src/stm32g4xx_hal_adc_ex.c.obj
 .ARM.attributes
                0x000000000000032a       0x34 CMakeFiles/MD_Rev1.dir/Drivers/STM32G4xx_HAL_Driver/Src/stm32g4xx_hal.c.obj
 .ARM.attributes
                0x000000000000035e       0x34 CMakeFiles/MD_Rev1.dir/Drivers/STM32G4xx_HAL_Driver/Src/stm32g4xx_hal_rcc.c.obj
 .ARM.attributes
                0x0000000000000392       0x34 CMakeFiles/MD_Rev1.dir/Drivers/STM32G4xx_HAL_Driver/Src/stm32g4xx_hal_rcc_ex.c.obj
 .ARM.attributes
                0x00000000000003c6       0x34 CMakeFiles/MD_Rev1.dir/Drivers/STM32G4xx_HAL_Driver/Src/stm32g4xx_hal_gpio.c.obj
 .ARM.attributes
                0x00000000000003fa       0x34 CMakeFiles/MD_Rev1.dir/Drivers/STM32G4xx_HAL_Driver/Src/stm32g4xx_hal_dma.c.obj
 .ARM.attributes
                0x000000000000042e       0x34 CMakeFiles/MD_Rev1.dir/Drivers/STM32G4xx_HAL_Driver/Src/stm32g4xx_hal_pwr_ex.c.obj
 .ARM.attributes
                0x0000000000000462       0x34 CMakeFiles/MD_Rev1.dir/Drivers/STM32G4xx_HAL_Driver/Src/stm32g4xx_hal_cortex.c.obj
 .ARM.attributes
                0x0000000000000496       0x34 CMakeFiles/MD_Rev1.dir/Drivers/STM32G4xx_HAL_Driver/Src/stm32g4xx_hal_opamp.c.obj
 .ARM.attributes
                0x00000000000004ca       0x34 CMakeFiles/MD_Rev1.dir/Drivers/STM32G4xx_HAL_Driver/Src/stm32g4xx_hal_tim.c.obj
 .ARM.attributes
                0x00000000000004fe       0x34 CMakeFiles/MD_Rev1.dir/Drivers/STM32G4xx_HAL_Driver/Src/stm32g4xx_hal_tim_ex.c.obj
 .ARM.attributes
                0x0000000000000532       0x34 CMakeFiles/MD_Rev1.dir/Drivers/STM32G4xx_HAL_Driver/Src/stm32g4xx_hal_uart.c.obj
 .ARM.attributes
                0x0000000000000566       0x34 CMakeFiles/MD_Rev1.dir/Drivers/STM32G4xx_HAL_Driver/Src/stm32g4xx_hal_uart_ex.c.obj
 .ARM.attributes
                0x000000000000059a       0x34 CMakeFiles/MD_Rev1.dir/Core/Src/system_stm32g4xx.c.obj
 .ARM.attributes
                0x00000000000005ce       0x34 CMakeFiles/MD_Rev1.dir/Core/Src/sysmem.c.obj
 .ARM.attributes
                0x0000000000000602       0x34 CMakeFiles/MD_Rev1.dir/Core/Src/syscalls.c.obj
 .ARM.attributes
                0x0000000000000636       0x21 CMakeFiles/MD_Rev1.dir/startup_stm32g431xx.s.obj
 .ARM.attributes
                0x0000000000000657       0x1e /opt/homebrew/Cellar/arm-none-eabi-gcc/10.3-2021.10/gcc/bin/../lib/gcc/arm-none-eabi/10.3.1/thumb/v7e-m+fp/hard/libgcc.a(_aeabi_uldivmod.o)
 .ARM.attributes
                0x0000000000000675       0x34 /opt/homebrew/Cellar/arm-none-eabi-gcc/10.3-2021.10/gcc/bin/../lib/gcc/arm-none-eabi/10.3.1/thumb/v7e-m+fp/hard/libgcc.a(_udivmoddi4.o)
 .ARM.attributes
                0x00000000000006a9       0x1e /opt/homebrew/Cellar/arm-none-eabi-gcc/10.3-2021.10/gcc/bin/../lib/gcc/arm-none-eabi/10.3.1/thumb/v7e-m+fp/hard/libgcc.a(_dvmd_tls.o)
 .ARM.attributes
                0x00000000000006c7       0x34 /opt/homebrew/Cellar/arm-none-eabi-gcc/10.3-2021.10/gcc/bin/../lib/gcc/arm-none-eabi/10.3.1/../../../../arm-none-eabi/lib/thumb/v7e-m+fp/hard/libg_nano.a(lib_a-errno.o)
 .ARM.attributes
                0x00000000000006fb       0x34 /opt/homebrew/Cellar/arm-none-eabi-gcc/10.3-2021.10/gcc/bin/../lib/gcc/arm-none-eabi/10.3.1/../../../../arm-none-eabi/lib/thumb/v7e-m+fp/hard/libg_nano.a(lib_a-puts.o)
 .ARM.attributes
                0x000000000000072f       0x34 /opt/homebrew/Cellar/arm-none-eabi-gcc/10.3-2021.10/gcc/bin/../lib/gcc/arm-none-eabi/10.3.1/../../../../arm-none-eabi/lib/thumb/v7e-m+fp/hard/libg_nano.a(lib_a-setbuf.o)
 .ARM.attributes
                0x0000000000000763       0x34 /opt/homebrew/Cellar/arm-none-eabi-gcc/10.3-2021.10/gcc/bin/../lib/gcc/arm-none-eabi/10.3.1/../../../../arm-none-eabi/lib/thumb/v7e-m+fp/hard/libg_nano.a(lib_a-setvbuf.o)
 .ARM.attributes
                0x0000000000000797       0x34 /opt/homebrew/Cellar/arm-none-eabi-gcc/10.3-2021.10/gcc/bin/../lib/gcc/arm-none-eabi/10.3.1/../../../../arm-none-eabi/lib/thumb/v7e-m+fp/hard/libg_nano.a(lib_a-wbuf.o)
 .ARM.attributes
                0x00000000000007cb       0x34 /opt/homebrew/Cellar/arm-none-eabi-gcc/10.3-2021.10/gcc/bin/../lib/gcc/arm-none-eabi/10.3.1/../../../../arm-none-eabi/lib/thumb/v7e-m+fp/hard/libg_nano.a(lib_a-wsetup.o)
 .ARM.attributes
                0x00000000000007ff       0x34 /opt/homebrew/Cellar/arm-none-eabi-gcc/10.3-2021.10/gcc/bin/../lib/gcc/arm-none-eabi/10.3.1/../../../../arm-none-eabi/lib/thumb/v7e-m+fp/hard/libg_nano.a(lib_a-fflush.o)
 .ARM.attributes
                0x0000000000000833       0x34 /opt/homebrew/Cellar/arm-none-eabi-gcc/10.3-2021.10/gcc/bin/../lib/gcc/arm-none-eabi/10.3.1/../../../../arm-none-eabi/lib/thumb/v7e-m+fp/hard/libg_nano.a(lib_a-findfp.o)
 .ARM.attributes
                0x0000000000000867       0x34 /opt/homebrew/Cellar/arm-none-eabi-gcc/10.3-2021.10/gcc/bin/../lib/gcc/arm-none-eabi/10.3.1/../../../../arm-none-eabi/lib/thumb/v7e-m+fp/hard/libg_nano.a(lib_a-fwalk.o)
 .ARM.attributes
                0x000000000000089b       0x34 /opt/homebrew/Cellar/arm-none-eabi-gcc/10.3-2021.10/gcc/bin/../lib/gcc/arm-none-eabi/10.3.1/../../../../arm-none-eabi/lib/thumb/v7e-m+fp/hard/libg_nano.a(lib_a-lock.o)
 .ARM.attributes
                0x00000000000008cf       0x34 /opt/homebrew/Cellar/arm-none-eabi-gcc/10.3-2021.10/gcc/bin/../lib/gcc/arm-none-eabi/10.3.1/../../../../arm-none-eabi/lib/thumb/v7e-m+fp/hard/libg_nano.a(lib_a-makebuf.o)
 .ARM.attributes
                0x0000000000000903       0x34 /opt/homebrew/Cellar/arm-none-eabi-gcc/10.3-2021.10/gcc/bin/../lib/gcc/arm-none-eabi/10.3.1/../../../../arm-none-eabi/lib/thumb/v7e-m+fp/hard/libg_nano.a(lib_a-malloc.o)
 .ARM.attributes
                0x0000000000000937       0x34 /opt/homebrew/Cellar/arm-none-eabi-gcc/10.3-2021.10/gcc/bin/../lib/gcc/arm-none-eabi/10.3.1/../../../../arm-none-eabi/lib/thumb/v7e-m+fp/hard/libg_nano.a(lib_a-nano-freer.o)
 .ARM.attributes
                0x000000000000096b       0x34 /opt/homebrew/Cellar/arm-none-eabi-gcc/10.3-2021.10/gcc/bin/../lib/gcc/arm-none-eabi/10.3.1/../../../../arm-none-eabi/lib/thumb/v7e-m+fp/hard/libg_nano.a(lib_a-nano-mallocr.o)
 .ARM.attributes
                0x000000000000099f       0x34 /opt/homebrew/Cellar/arm-none-eabi-gcc/10.3-2021.10/gcc/bin/../lib/gcc/arm-none-eabi/10.3.1/../../../../arm-none-eabi/lib/thumb/v7e-m+fp/hard/libg_nano.a(lib_a-sbrkr.o)
 .ARM.attributes
                0x00000000000009d3       0x34 /opt/homebrew/Cellar/arm-none-eabi-gcc/10.3-2021.10/gcc/bin/../lib/gcc/arm-none-eabi/10.3.1/../../../../arm-none-eabi/lib/thumb/v7e-m+fp/hard/libg_nano.a(lib_a-stdio.o)
 .ARM.attributes
                0x0000000000000a07       0x34 /opt/homebrew/Cellar/arm-none-eabi-gcc/10.3-2021.10/gcc/bin/../lib/gcc/arm-none-eabi/10.3.1/../../../../arm-none-eabi/lib/thumb/v7e-m+fp/hard/libg_nano.a(lib_a-writer.o)
 .ARM.attributes
                0x0000000000000a3b       0x34 /opt/homebrew/Cellar/arm-none-eabi-gcc/10.3-2021.10/gcc/bin/../lib/gcc/arm-none-eabi/10.3.1/../../../../arm-none-eabi/lib/thumb/v7e-m+fp/hard/libg_nano.a(lib_a-closer.o)
 .ARM.attributes
                0x0000000000000a6f       0x34 /opt/homebrew/Cellar/arm-none-eabi-gcc/10.3-2021.10/gcc/bin/../lib/gcc/arm-none-eabi/10.3.1/../../../../arm-none-eabi/lib/thumb/v7e-m+fp/hard/libg_nano.a(lib_a-fstatr.o)
 .ARM.attributes
                0x0000000000000aa3       0x34 /opt/homebrew/Cellar/arm-none-eabi-gcc/10.3-2021.10/gcc/bin/../lib/gcc/arm-none-eabi/10.3.1/../../../../arm-none-eabi/lib/thumb/v7e-m+fp/hard/libg_nano.a(lib_a-isattyr.o)
 .ARM.attributes
                0x0000000000000ad7       0x34 /opt/homebrew/Cellar/arm-none-eabi-gcc/10.3-2021.10/gcc/bin/../lib/gcc/arm-none-eabi/10.3.1/../../../../arm-none-eabi/lib/thumb/v7e-m+fp/hard/libg_nano.a(lib_a-lseekr.o)
 .ARM.attributes
                0x0000000000000b0b       0x34 /opt/homebrew/Cellar/arm-none-eabi-gcc/10.3-2021.10/gcc/bin/../lib/gcc/arm-none-eabi/10.3.1/../../../../arm-none-eabi/lib/thumb/v7e-m+fp/hard/libg_nano.a(lib_a-mlock.o)
 .ARM.attributes
                0x0000000000000b3f       0x34 /opt/homebrew/Cellar/arm-none-eabi-gcc/10.3-2021.10/gcc/bin/../lib/gcc/arm-none-eabi/10.3.1/../../../../arm-none-eabi/lib/thumb/v7e-m+fp/hard/libg_nano.a(lib_a-readr.o)
 .ARM.attributes
                0x0000000000000b73       0x34 /opt/homebrew/Cellar/arm-none-eabi-gcc/10.3-2021.10/gcc/bin/../lib/gcc/arm-none-eabi/10.3.1/../../../../arm-none-eabi/lib/thumb/v7e-m+fp/hard/libg_nano.a(lib_a-reent.o)
 .ARM.attributes
                0x0000000000000ba7       0x1e /opt/homebrew/Cellar/arm-none-eabi-gcc/10.3-2021.10/gcc/bin/../lib/gcc/arm-none-eabi/10.3.1/thumb/v7e-m+fp/hard/crtn.o
OUTPUT(MD_Rev1.elf elf32-littlearm)
LOAD linker stubs
LOAD /opt/homebrew/Cellar/arm-none-eabi-gcc/10.3-2021.10/gcc/bin/../lib/gcc/arm-none-eabi/10.3.1/../../../../arm-none-eabi/lib/thumb/v7e-m+fp/hard/libc.a
LOAD /opt/homebrew/Cellar/arm-none-eabi-gcc/10.3-2021.10/gcc/bin/../lib/gcc/arm-none-eabi/10.3.1/../../../../arm-none-eabi/lib/thumb/v7e-m+fp/hard/libm.a
LOAD /opt/homebrew/Cellar/arm-none-eabi-gcc/10.3-2021.10/gcc/bin/../lib/gcc/arm-none-eabi/10.3.1/thumb/v7e-m+fp/hard/libgcc.a

.debug_frame    0x0000000000000000     0x66b0
 .debug_frame   0x0000000000000000       0x2c /opt/homebrew/Cellar/arm-none-eabi-gcc/10.3-2021.10/gcc/bin/../lib/gcc/arm-none-eabi/10.3.1/../../../../arm-none-eabi/lib/thumb/v7e-m+fp/hard/libc_nano.a(lib_a-init.o)
 .debug_frame   0x000000000000002c       0x20 /opt/homebrew/Cellar/arm-none-eabi-gcc/10.3-2021.10/gcc/bin/../lib/gcc/arm-none-eabi/10.3.1/../../../../arm-none-eabi/lib/thumb/v7e-m+fp/hard/libc_nano.a(lib_a-memset.o)
 .debug_frame   0x000000000000004c       0xb4 CMakeFiles/MD_Rev1.dir/Core/Src/main.c.obj
 .debug_frame   0x0000000000000100       0x34 CMakeFiles/MD_Rev1.dir/Core/Src/gpio.c.obj
 .debug_frame   0x0000000000000134       0xa0 CMakeFiles/MD_Rev1.dir/Core/Src/adc.c.obj
 .debug_frame   0x00000000000001d4       0x34 CMakeFiles/MD_Rev1.dir/Core/Src/dma.c.obj
 .debug_frame   0x0000000000000208       0x90 CMakeFiles/MD_Rev1.dir/Core/Src/opamp.c.obj
 .debug_frame   0x0000000000000298      0x144 CMakeFiles/MD_Rev1.dir/Core/Src/tim.c.obj
 .debug_frame   0x00000000000003dc       0x74 CMakeFiles/MD_Rev1.dir/Core/Src/usart.c.obj
 .debug_frame   0x0000000000000450      0x190 CMakeFiles/MD_Rev1.dir/Core/Src/stm32g4xx_it.c.obj
 .debug_frame   0x00000000000005e0       0x34 CMakeFiles/MD_Rev1.dir/Core/Src/stm32g4xx_hal_msp.c.obj
 .debug_frame   0x0000000000000614      0xacc CMakeFiles/MD_Rev1.dir/Drivers/STM32G4xx_HAL_Driver/Src/stm32g4xx_hal_adc.c.obj
 .debug_frame   0x00000000000010e0      0x81c CMakeFiles/MD_Rev1.dir/Drivers/STM32G4xx_HAL_Driver/Src/stm32g4xx_hal_adc_ex.c.obj
 .debug_frame   0x00000000000018fc      0x500 CMakeFiles/MD_Rev1.dir/Drivers/STM32G4xx_HAL_Driver/Src/stm32g4xx_hal.c.obj
 .debug_frame   0x0000000000001dfc      0x23c CMakeFiles/MD_Rev1.dir/Drivers/STM32G4xx_HAL_Driver/Src/stm32g4xx_hal_rcc.c.obj
 .debug_frame   0x0000000000002038      0x2ac CMakeFiles/MD_Rev1.dir/Drivers/STM32G4xx_HAL_Driver/Src/stm32g4xx_hal_rcc_ex.c.obj
 .debug_frame   0x00000000000022e4      0x14c CMakeFiles/MD_Rev1.dir/Drivers/STM32G4xx_HAL_Driver/Src/stm32g4xx_hal_gpio.c.obj
 .debug_frame   0x0000000000002430      0x24c CMakeFiles/MD_Rev1.dir/Drivers/STM32G4xx_HAL_Driver/Src/stm32g4xx_hal_dma.c.obj
 .debug_frame   0x000000000000267c      0x4fc CMakeFiles/MD_Rev1.dir/Drivers/STM32G4xx_HAL_Driver/Src/stm32g4xx_hal_pwr_ex.c.obj
 .debug_frame   0x0000000000002b78      0x4e8 CMakeFiles/MD_Rev1.dir/Drivers/STM32G4xx_HAL_Driver/Src/stm32g4xx_hal_cortex.c.obj
 .debug_frame   0x0000000000003060      0x1c0 CMakeFiles/MD_Rev1.dir/Drivers/STM32G4xx_HAL_Driver/Src/stm32g4xx_hal_opamp.c.obj
 .debug_frame   0x0000000000003220     0x121c CMakeFiles/MD_Rev1.dir/Drivers/STM32G4xx_HAL_Driver/Src/stm32g4xx_hal_tim.c.obj
 .debug_frame   0x000000000000443c      0xa68 CMakeFiles/MD_Rev1.dir/Drivers/STM32G4xx_HAL_Driver/Src/stm32g4xx_hal_tim_ex.c.obj
 .debug_frame   0x0000000000004ea4      0xa94 CMakeFiles/MD_Rev1.dir/Drivers/STM32G4xx_HAL_Driver/Src/stm32g4xx_hal_uart.c.obj
 .debug_frame   0x0000000000005938      0x2c0 CMakeFiles/MD_Rev1.dir/Drivers/STM32G4xx_HAL_Driver/Src/stm32g4xx_hal_uart_ex.c.obj
 .debug_frame   0x0000000000005bf8       0x58 CMakeFiles/MD_Rev1.dir/Core/Src/system_stm32g4xx.c.obj
 .debug_frame   0x0000000000005c50       0x34 CMakeFiles/MD_Rev1.dir/Core/Src/sysmem.c.obj
 .debug_frame   0x0000000000005c84      0x2ac CMakeFiles/MD_Rev1.dir/Core/Src/syscalls.c.obj
 .debug_frame   0x0000000000005f30       0x2c /opt/homebrew/Cellar/arm-none-eabi-gcc/10.3-2021.10/gcc/bin/../lib/gcc/arm-none-eabi/10.3.1/thumb/v7e-m+fp/hard/libgcc.a(_aeabi_uldivmod.o)
 .debug_frame   0x0000000000005f5c       0x34 /opt/homebrew/Cellar/arm-none-eabi-gcc/10.3-2021.10/gcc/bin/../lib/gcc/arm-none-eabi/10.3.1/thumb/v7e-m+fp/hard/libgcc.a(_udivmoddi4.o)
 .debug_frame   0x0000000000005f90       0x20 /opt/homebrew/Cellar/arm-none-eabi-gcc/10.3-2021.10/gcc/bin/../lib/gcc/arm-none-eabi/10.3.1/../../../../arm-none-eabi/lib/thumb/v7e-m+fp/hard/libg_nano.a(lib_a-errno.o)
 .debug_frame   0x0000000000005fb0       0x3c /opt/homebrew/Cellar/arm-none-eabi-gcc/10.3-2021.10/gcc/bin/../lib/gcc/arm-none-eabi/10.3.1/../../../../arm-none-eabi/lib/thumb/v7e-m+fp/hard/libg_nano.a(lib_a-puts.o)
 .debug_frame   0x0000000000005fec       0x20 /opt/homebrew/Cellar/arm-none-eabi-gcc/10.3-2021.10/gcc/bin/../lib/gcc/arm-none-eabi/10.3.1/../../../../arm-none-eabi/lib/thumb/v7e-m+fp/hard/libg_nano.a(lib_a-setbuf.o)
 .debug_frame   0x000000000000600c       0x38 /opt/homebrew/Cellar/arm-none-eabi-gcc/10.3-2021.10/gcc/bin/../lib/gcc/arm-none-eabi/10.3.1/../../../../arm-none-eabi/lib/thumb/v7e-m+fp/hard/libg_nano.a(lib_a-setvbuf.o)
 .debug_frame   0x0000000000006044       0x40 /opt/homebrew/Cellar/arm-none-eabi-gcc/10.3-2021.10/gcc/bin/../lib/gcc/arm-none-eabi/10.3.1/../../../../arm-none-eabi/lib/thumb/v7e-m+fp/hard/libg_nano.a(lib_a-wbuf.o)
 .debug_frame   0x0000000000006084       0x2c /opt/homebrew/Cellar/arm-none-eabi-gcc/10.3-2021.10/gcc/bin/../lib/gcc/arm-none-eabi/10.3.1/../../../../arm-none-eabi/lib/thumb/v7e-m+fp/hard/libg_nano.a(lib_a-wsetup.o)
 .debug_frame   0x00000000000060b0       0x5c /opt/homebrew/Cellar/arm-none-eabi-gcc/10.3-2021.10/gcc/bin/../lib/gcc/arm-none-eabi/10.3.1/../../../../arm-none-eabi/lib/thumb/v7e-m+fp/hard/libg_nano.a(lib_a-fflush.o)
 .debug_frame   0x000000000000610c      0x14c /opt/homebrew/Cellar/arm-none-eabi-gcc/10.3-2021.10/gcc/bin/../lib/gcc/arm-none-eabi/10.3.1/../../../../arm-none-eabi/lib/thumb/v7e-m+fp/hard/libg_nano.a(lib_a-findfp.o)
 .debug_frame   0x0000000000006258       0x54 /opt/homebrew/Cellar/arm-none-eabi-gcc/10.3-2021.10/gcc/bin/../lib/gcc/arm-none-eabi/10.3.1/../../../../arm-none-eabi/lib/thumb/v7e-m+fp/hard/libg_nano.a(lib_a-fwalk.o)
 .debug_frame   0x00000000000062ac       0xb0 /opt/homebrew/Cellar/arm-none-eabi-gcc/10.3-2021.10/gcc/bin/../lib/gcc/arm-none-eabi/10.3.1/../../../../arm-none-eabi/lib/thumb/v7e-m+fp/hard/libg_nano.a(lib_a-lock.o)
 .debug_frame   0x000000000000635c       0x58 /opt/homebrew/Cellar/arm-none-eabi-gcc/10.3-2021.10/gcc/bin/../lib/gcc/arm-none-eabi/10.3.1/../../../../arm-none-eabi/lib/thumb/v7e-m+fp/hard/libg_nano.a(lib_a-makebuf.o)
 .debug_frame   0x00000000000063b4       0x30 /opt/homebrew/Cellar/arm-none-eabi-gcc/10.3-2021.10/gcc/bin/../lib/gcc/arm-none-eabi/10.3.1/../../../../arm-none-eabi/lib/thumb/v7e-m+fp/hard/libg_nano.a(lib_a-malloc.o)
 .debug_frame   0x00000000000063e4       0x38 /opt/homebrew/Cellar/arm-none-eabi-gcc/10.3-2021.10/gcc/bin/../lib/gcc/arm-none-eabi/10.3.1/../../../../arm-none-eabi/lib/thumb/v7e-m+fp/hard/libg_nano.a(lib_a-nano-freer.o)
 .debug_frame   0x000000000000641c       0x4c /opt/homebrew/Cellar/arm-none-eabi-gcc/10.3-2021.10/gcc/bin/../lib/gcc/arm-none-eabi/10.3.1/../../../../arm-none-eabi/lib/thumb/v7e-m+fp/hard/libg_nano.a(lib_a-nano-mallocr.o)
 .debug_frame   0x0000000000006468       0x2c /opt/homebrew/Cellar/arm-none-eabi-gcc/10.3-2021.10/gcc/bin/../lib/gcc/arm-none-eabi/10.3.1/../../../../arm-none-eabi/lib/thumb/v7e-m+fp/hard/libg_nano.a(lib_a-sbrkr.o)
 .debug_frame   0x0000000000006494       0x88 /opt/homebrew/Cellar/arm-none-eabi-gcc/10.3-2021.10/gcc/bin/../lib/gcc/arm-none-eabi/10.3.1/../../../../arm-none-eabi/lib/thumb/v7e-m+fp/hard/libg_nano.a(lib_a-stdio.o)
 .debug_frame   0x000000000000651c       0x2c /opt/homebrew/Cellar/arm-none-eabi-gcc/10.3-2021.10/gcc/bin/../lib/gcc/arm-none-eabi/10.3.1/../../../../arm-none-eabi/lib/thumb/v7e-m+fp/hard/libg_nano.a(lib_a-writer.o)
 .debug_frame   0x0000000000006548       0x2c /opt/homebrew/Cellar/arm-none-eabi-gcc/10.3-2021.10/gcc/bin/../lib/gcc/arm-none-eabi/10.3.1/../../../../arm-none-eabi/lib/thumb/v7e-m+fp/hard/libg_nano.a(lib_a-closer.o)
 .debug_frame   0x0000000000006574       0x2c /opt/homebrew/Cellar/arm-none-eabi-gcc/10.3-2021.10/gcc/bin/../lib/gcc/arm-none-eabi/10.3.1/../../../../arm-none-eabi/lib/thumb/v7e-m+fp/hard/libg_nano.a(lib_a-fstatr.o)
 .debug_frame   0x00000000000065a0       0x2c /opt/homebrew/Cellar/arm-none-eabi-gcc/10.3-2021.10/gcc/bin/../lib/gcc/arm-none-eabi/10.3.1/../../../../arm-none-eabi/lib/thumb/v7e-m+fp/hard/libg_nano.a(lib_a-isattyr.o)
 .debug_frame   0x00000000000065cc       0x2c /opt/homebrew/Cellar/arm-none-eabi-gcc/10.3-2021.10/gcc/bin/../lib/gcc/arm-none-eabi/10.3.1/../../../../arm-none-eabi/lib/thumb/v7e-m+fp/hard/libg_nano.a(lib_a-lseekr.o)
 .debug_frame   0x00000000000065f8       0x30 /opt/homebrew/Cellar/arm-none-eabi-gcc/10.3-2021.10/gcc/bin/../lib/gcc/arm-none-eabi/10.3.1/../../../../arm-none-eabi/lib/thumb/v7e-m+fp/hard/libg_nano.a(lib_a-mlock.o)
 .debug_frame   0x0000000000006628       0x2c /opt/homebrew/Cellar/arm-none-eabi-gcc/10.3-2021.10/gcc/bin/../lib/gcc/arm-none-eabi/10.3.1/../../../../arm-none-eabi/lib/thumb/v7e-m+fp/hard/libg_nano.a(lib_a-readr.o)
 .debug_frame   0x0000000000006654       0x5c /opt/homebrew/Cellar/arm-none-eabi-gcc/10.3-2021.10/gcc/bin/../lib/gcc/arm-none-eabi/10.3.1/../../../../arm-none-eabi/lib/thumb/v7e-m+fp/hard/libg_nano.a(lib_a-reent.o)

.debug_info     0x0000000000000000    0x1ad3e
 .debug_info    0x0000000000000000     0x1c2a CMakeFiles/MD_Rev1.dir/Core/Src/main.c.obj
 .debug_info    0x0000000000001c2a      0x476 CMakeFiles/MD_Rev1.dir/Core/Src/gpio.c.obj
 .debug_info    0x00000000000020a0      0xf40 CMakeFiles/MD_Rev1.dir/Core/Src/adc.c.obj
 .debug_info    0x0000000000002fe0      0x50d CMakeFiles/MD_Rev1.dir/Core/Src/dma.c.obj
 .debug_info    0x00000000000034ed      0x724 CMakeFiles/MD_Rev1.dir/Core/Src/opamp.c.obj
 .debug_info    0x0000000000003c11     0x1265 CMakeFiles/MD_Rev1.dir/Core/Src/tim.c.obj
 .debug_info    0x0000000000004e76      0xcfc CMakeFiles/MD_Rev1.dir/Core/Src/usart.c.obj
 .debug_info    0x0000000000005b72      0x91f CMakeFiles/MD_Rev1.dir/Core/Src/stm32g4xx_it.c.obj
 .debug_info    0x0000000000006491      0x324 CMakeFiles/MD_Rev1.dir/Core/Src/stm32g4xx_hal_msp.c.obj
 .debug_info    0x00000000000067b5     0x20bd CMakeFiles/MD_Rev1.dir/Drivers/STM32G4xx_HAL_Driver/Src/stm32g4xx_hal_adc.c.obj
 .debug_info    0x0000000000008872     0x1d98 CMakeFiles/MD_Rev1.dir/Drivers/STM32G4xx_HAL_Driver/Src/stm32g4xx_hal_adc_ex.c.obj
 .debug_info    0x000000000000a60a      0xad5 CMakeFiles/MD_Rev1.dir/Drivers/STM32G4xx_HAL_Driver/Src/stm32g4xx_hal.c.obj
 .debug_info    0x000000000000b0df      0xc11 CMakeFiles/MD_Rev1.dir/Drivers/STM32G4xx_HAL_Driver/Src/stm32g4xx_hal_rcc.c.obj
 .debug_info    0x000000000000bcf0      0xc94 CMakeFiles/MD_Rev1.dir/Drivers/STM32G4xx_HAL_Driver/Src/stm32g4xx_hal_rcc_ex.c.obj
 .debug_info    0x000000000000c984      0x82f CMakeFiles/MD_Rev1.dir/Drivers/STM32G4xx_HAL_Driver/Src/stm32g4xx_hal_gpio.c.obj
 .debug_info    0x000000000000d1b3      0x8e1 CMakeFiles/MD_Rev1.dir/Drivers/STM32G4xx_HAL_Driver/Src/stm32g4xx_hal_dma.c.obj
 .debug_info    0x000000000000da94      0x97a CMakeFiles/MD_Rev1.dir/Drivers/STM32G4xx_HAL_Driver/Src/stm32g4xx_hal_pwr_ex.c.obj
 .debug_info    0x000000000000e40e      0xe14 CMakeFiles/MD_Rev1.dir/Drivers/STM32G4xx_HAL_Driver/Src/stm32g4xx_hal_cortex.c.obj
 .debug_info    0x000000000000f222      0x801 CMakeFiles/MD_Rev1.dir/Drivers/STM32G4xx_HAL_Driver/Src/stm32g4xx_hal_opamp.c.obj
 .debug_info    0x000000000000fa23     0x2df4 CMakeFiles/MD_Rev1.dir/Drivers/STM32G4xx_HAL_Driver/Src/stm32g4xx_hal_tim.c.obj
 .debug_info    0x0000000000012817     0x1dbb CMakeFiles/MD_Rev1.dir/Drivers/STM32G4xx_HAL_Driver/Src/stm32g4xx_hal_tim_ex.c.obj
 .debug_info    0x00000000000145d2     0x49e9 CMakeFiles/MD_Rev1.dir/Drivers/STM32G4xx_HAL_Driver/Src/stm32g4xx_hal_uart.c.obj
 .debug_info    0x0000000000018fbb      0xfb1 CMakeFiles/MD_Rev1.dir/Drivers/STM32G4xx_HAL_Driver/Src/stm32g4xx_hal_uart_ex.c.obj
 .debug_info    0x0000000000019f6c      0x59f CMakeFiles/MD_Rev1.dir/Core/Src/system_stm32g4xx.c.obj
 .debug_info    0x000000000001a50b      0x15f CMakeFiles/MD_Rev1.dir/Core/Src/sysmem.c.obj
 .debug_info    0x000000000001a66a      0x6b2 CMakeFiles/MD_Rev1.dir/Core/Src/syscalls.c.obj
 .debug_info    0x000000000001ad1c       0x22 CMakeFiles/MD_Rev1.dir/startup_stm32g431xx.s.obj

.debug_abbrev   0x0000000000000000     0x31d2
 .debug_abbrev  0x0000000000000000      0x2f9 CMakeFiles/MD_Rev1.dir/Core/Src/main.c.obj
 .debug_abbrev  0x00000000000002f9      0x121 CMakeFiles/MD_Rev1.dir/Core/Src/gpio.c.obj
 .debug_abbrev  0x000000000000041a      0x1e1 CMakeFiles/MD_Rev1.dir/Core/Src/adc.c.obj
 .debug_abbrev  0x00000000000005fb       0xe7 CMakeFiles/MD_Rev1.dir/Core/Src/dma.c.obj
 .debug_abbrev  0x00000000000006e2      0x179 CMakeFiles/MD_Rev1.dir/Core/Src/opamp.c.obj
 .debug_abbrev  0x000000000000085b      0x235 CMakeFiles/MD_Rev1.dir/Core/Src/tim.c.obj
 .debug_abbrev  0x0000000000000a90      0x1a8 CMakeFiles/MD_Rev1.dir/Core/Src/usart.c.obj
 .debug_abbrev  0x0000000000000c38      0x1a7 CMakeFiles/MD_Rev1.dir/Core/Src/stm32g4xx_it.c.obj
 .debug_abbrev  0x0000000000000ddf       0xc2 CMakeFiles/MD_Rev1.dir/Core/Src/stm32g4xx_hal_msp.c.obj
 .debug_abbrev  0x0000000000000ea1      0x27e CMakeFiles/MD_Rev1.dir/Drivers/STM32G4xx_HAL_Driver/Src/stm32g4xx_hal_adc.c.obj
 .debug_abbrev  0x000000000000111f      0x299 CMakeFiles/MD_Rev1.dir/Drivers/STM32G4xx_HAL_Driver/Src/stm32g4xx_hal_adc_ex.c.obj
 .debug_abbrev  0x00000000000013b8      0x236 CMakeFiles/MD_Rev1.dir/Drivers/STM32G4xx_HAL_Driver/Src/stm32g4xx_hal.c.obj
 .debug_abbrev  0x00000000000015ee      0x275 CMakeFiles/MD_Rev1.dir/Drivers/STM32G4xx_HAL_Driver/Src/stm32g4xx_hal_rcc.c.obj
 .debug_abbrev  0x0000000000001863      0x203 CMakeFiles/MD_Rev1.dir/Drivers/STM32G4xx_HAL_Driver/Src/stm32g4xx_hal_rcc_ex.c.obj
 .debug_abbrev  0x0000000000001a66      0x1bb CMakeFiles/MD_Rev1.dir/Drivers/STM32G4xx_HAL_Driver/Src/stm32g4xx_hal_gpio.c.obj
 .debug_abbrev  0x0000000000001c21      0x1c2 CMakeFiles/MD_Rev1.dir/Drivers/STM32G4xx_HAL_Driver/Src/stm32g4xx_hal_dma.c.obj
 .debug_abbrev  0x0000000000001de3      0x216 CMakeFiles/MD_Rev1.dir/Drivers/STM32G4xx_HAL_Driver/Src/stm32g4xx_hal_pwr_ex.c.obj
 .debug_abbrev  0x0000000000001ff9      0x30d CMakeFiles/MD_Rev1.dir/Drivers/STM32G4xx_HAL_Driver/Src/stm32g4xx_hal_cortex.c.obj
 .debug_abbrev  0x0000000000002306      0x179 CMakeFiles/MD_Rev1.dir/Drivers/STM32G4xx_HAL_Driver/Src/stm32g4xx_hal_opamp.c.obj
 .debug_abbrev  0x000000000000247f      0x269 CMakeFiles/MD_Rev1.dir/Drivers/STM32G4xx_HAL_Driver/Src/stm32g4xx_hal_tim.c.obj
 .debug_abbrev  0x00000000000026e8      0x271 CMakeFiles/MD_Rev1.dir/Drivers/STM32G4xx_HAL_Driver/Src/stm32g4xx_hal_tim_ex.c.obj
 .debug_abbrev  0x0000000000002959      0x2af CMakeFiles/MD_Rev1.dir/Drivers/STM32G4xx_HAL_Driver/Src/stm32g4xx_hal_uart.c.obj
 .debug_abbrev  0x0000000000002c08      0x27c CMakeFiles/MD_Rev1.dir/Drivers/STM32G4xx_HAL_Driver/Src/stm32g4xx_hal_uart_ex.c.obj
 .debug_abbrev  0x0000000000002e84      0x116 CMakeFiles/MD_Rev1.dir/Core/Src/system_stm32g4xx.c.obj
 .debug_abbrev  0x0000000000002f9a       0xa6 CMakeFiles/MD_Rev1.dir/Core/Src/sysmem.c.obj
 .debug_abbrev  0x0000000000003040      0x180 CMakeFiles/MD_Rev1.dir/Core/Src/syscalls.c.obj